BL51 BANKED LINKER/LOCATER V6.22.4.0                                                    05/25/2026  10:05:39  PAGE 1


BL51 BANKED LINKER/LOCATER V6.22.4.0, INVOKED BY:
C:\KEIL_V5\C51\BIN\BL51.EXE 任务12.通过串口发送一串字符至电脑.obj TO 任务12.通过串口发送一串字符至电脑


MEMORY MODEL: SMALL


INPUT MODULES INCLUDED:
  任务12.通过串口发送一串字符至电脑.obj (____12___________________________)
  C:\KEIL_V5\C51\LIB\C51S.LIB (?C_STARTUP)
  C:\KEIL_V5\C51\LIB\C51S.LIB (?C?CLDPTR)


LINK MAP OF MODULE:  任务12.通过串口发送一串字符至电脑 (____12___________________________)


            TYPE    BASE      LENGTH    RELOCATION   SEGMENT NAME
            -----------------------------------------------------

            * * * * * * *   D A T A   M E M O R Y   * * * * * * *
            REG     0000H     0008H     ABSOLUTE     "REG BANK 0"
            DATA    0008H     0001H     UNIT         _DATA_GROUP_
            IDATA   0009H     0001H     UNIT         ?STACK

            * * * * * * *   C O D E   M E M O R Y   * * * * * * *
            CODE    0000H     0003H     ABSOLUTE     
            CODE    0003H     0029H     UNIT         ?PR?MAIN?____12___________________________
            CODE    002CH     0019H     UNIT         ?C?LIB_CODE
            CODE    0045H     0017H     UNIT         ?PR?COM_INIT?____12___________________________
            CODE    005CH     0017H     UNIT         ?CO?____12___________________________
            CODE    0073H     000CH     UNIT         ?C_C51STARTUP



OVERLAY MAP OF MODULE:   任务12.通过串口发送一串字符至电脑 (____12___________________________)


SEGMENT                                            DATA_GROUP 
  +--> CALLED SEGMENT                            START    LENGTH
----------------------------------------------------------------
?C_C51STARTUP                                    -----    -----
  +--> ?PR?MAIN?____12______________________...

?PR?MAIN?____12______________________...         0008H    0001H
  +--> ?PR?COM_INIT?____12__________________...
  +--> ?CO?____12___________________________



SYMBOL TABLE OF MODULE:  任务12.通过串口发送一串字符至电脑 (____12___________________________)

  VALUE           TYPE          NAME
  ----------------------------------

  -------         MODULE        ____12___________________________
  C:0000H         SYMBOL        _ICE_DUMMY_
  D:0090H         PUBLIC        P1
  D:00B0H         PUBLIC        P3
BL51 BANKED LINKER/LOCATER V6.22.4.0                                                  05/25/2026  10:05:39  PAGE 2


  C:0003H         PUBLIC        Main
  D:00A8H         PUBLIC        IE
  C:0045H         PUBLIC        Com_Init
  D:00B8H         PUBLIC        IP
  B:0098H.1       PUBLIC        TI
  D:0099H         PUBLIC        SBUF
  D:0087H         PUBLIC        PCON
  D:0098H         PUBLIC        SCON
  D:0089H         PUBLIC        TMOD
  D:0088H         PUBLIC        TCON
  B:00A8H.3       PUBLIC        ET1
  D:008DH         PUBLIC        TH1
  D:008BH         PUBLIC        TL1
  B:0088H.6       PUBLIC        TR1
  D:00C8H         PUBLIC        T2CON
  D:00D0H         PUBLIC        PSW
  -------         PROC          COM_INIT
  C:0045H         LINE#         7
  C:0045H         LINE#         8
  C:0045H         LINE#         9
  C:0048H         LINE#         10
  C:004BH         LINE#         11
  C:004EH         LINE#         12
  C:0051H         LINE#         13
  C:0054H         LINE#         14
  C:0057H         LINE#         15
  C:0059H         LINE#         16
  C:005BH         LINE#         17
  -------         ENDPROC       COM_INIT
  -------         PROC          MAIN
  -------         DO            
  D:0008H         SYMBOL        i
  C:005CH         SYMBOL        Buffer
  D:0001H         SYMBOL        p
  -------         ENDDO         
  C:0003H         LINE#         19
  C:0003H         LINE#         20
  C:0003H         LINE#         21
  C:0006H         LINE#         24
  C:0009H         LINE#         25
  C:000FH         LINE#         26
  C:000FH         LINE#         27
  C:000FH         LINE#         28
  C:0014H         LINE#         29
  C:0017H         LINE#         30
  C:0017H         LINE#         31
  C:0018H         LINE#         32
  C:001AH         LINE#         33
  C:0021H         LINE#         34
  C:0026H         LINE#         35
  C:0028H         LINE#         36
  C:002AH         LINE#         37
  -------         ENDPROC       MAIN
  -------         ENDMOD        ____12___________________________

  -------         MODULE        ?C?CLDPTR
  C:002CH         PUBLIC        ?C?CLDPTR
BL51 BANKED LINKER/LOCATER V6.22.4.0                                                  05/25/2026  10:05:39  PAGE 3


  -------         ENDMOD        ?C?CLDPTR

Program Size: data=10.0 xdata=0 code=127
LINK/LOCATE RUN COMPLETE.  0 WARNING(S),  0 ERROR(S)
