BL51 BANKED LINKER/LOCATER V5.00                                                        07/07/2014  07:51:31  PAGE 1


BL51 BANKED LINKER/LOCATER V5.00, INVOKED BY:
C:\KEIL\C51\BIN\BL51.EXE ÈÎÎñ6.ËÄÎ»Æß¶ÎÊýÂë¹Ü¶¯Ì¬ÏÔÊ¾.obj TO ÈÎÎñ6.ËÄÎ»Æß¶ÎÊýÂë¹Ü¶¯Ì¬ÏÔÊ¾


MEMORY MODEL: SMALL


INPUT MODULES INCLUDED:
  ÈÎÎñ6.ËÄÎ»Æß¶ÎÊýÂë¹Ü¶¯Ì¬ÏÔÊ¾.obj (___ñ6__Ä_»_ß¶_Êý_ë_Ü¶__¬__Ê_)
  C:\KEIL\C51\LIB\C51S.LIB (?C_STARTUP)


LINK MAP OF MODULE:  ÈÎÎñ6.ËÄÎ»Æß¶ÎÊýÂë¹Ü¶¯Ì¬ÏÔÊ¾ (___ñ6__Ä_»_ß¶_Êý_ë_Ü¶__¬__Ê_)


            TYPE    BASE      LENGTH    RELOCATION   SEGMENT NAME
            -----------------------------------------------------

            * * * * * * *   D A T A   M E M O R Y   * * * * * * *
            REG     0000H     0008H     ABSOLUTE     "REG BANK 0"
            DATA    0008H     0001H     UNIT         _DATA_GROUP_
            IDATA   0009H     0001H     UNIT         ?STACK

            * * * * * * *   C O D E   M E M O R Y   * * * * * * *
            CODE    0000H     0003H     ABSOLUTE     
            CODE    0003H     0055H     UNIT         ?PR?MAIN?___ñ6__Ä_»_ß¶_Êý_ë_Ü¶__¬__Ê_
            CODE    0058H     0026H     UNIT         ?PR?_DELAY1MS?___ñ6__Ä_»_ß¶_Êý_ë_Ü¶__¬__Ê_
            CODE    007EH     0012H     UNIT         ?CO?___ñ6__Ä_»_ß¶_Êý_ë_Ü¶__¬__Ê_
            CODE    0090H     000CH     UNIT         ?C_C51STARTUP



OVERLAY MAP OF MODULE:   ÈÎÎñ6.ËÄÎ»Æß¶ÎÊýÂë¹Ü¶¯Ì¬ÏÔÊ¾ (___ñ6__Ä_»_ß¶_Êý_ë_Ü¶__¬__Ê_)


SEGMENT                                            DATA_GROUP 
  +--> CALLED SEGMENT                            START    LENGTH
----------------------------------------------------------------
?C_C51STARTUP                                    -----    -----
  +--> ?PR?MAIN?___ñ6__Ä_»_ß¶_Êý_ë_Ü¶__¬__Ê_

?PR?MAIN?___ñ6__Ä_»_ß¶_Êý_ë_Ü¶__¬__Ê_            0008H    0001H
  +--> ?CO?___ñ6__Ä_»_ß¶_Êý_ë_Ü¶__¬__Ê_
  +--> ?PR?_DELAY1MS?___ñ6__Ä_»_ß¶_Êý_ë_Ü¶__...



SYMBOL TABLE OF MODULE:  ÈÎÎñ6.ËÄÎ»Æß¶ÎÊýÂë¹Ü¶¯Ì¬ÏÔÊ¾ (___ñ6__Ä_»_ß¶_Êý_ë_Ü¶__¬__Ê_)

  VALUE           TYPE          NAME
  ----------------------------------

  -------         MODULE        ___ñ6__Ä_»_ß¶_Êý_ë_Ü¶__¬__Ê_
  C:0000H         SYMBOL        _ICE_DUMMY_
  D:0080H         PUBLIC        P0
  D:0090H         PUBLIC        P1
  D:00A0H         PUBLIC        P2
  D:00B0H         PUBLIC        P3
BL51 BANKED LINKER/LOCATER V5.00                                                      07/07/2014  07:51:31  PAGE 2


  B:00B0H.4       PUBLIC        T0
  B:00D0H.6       PUBLIC        AC
  C:0058H         PUBLIC        _delay1ms
  B:00B0H.5       PUBLIC        T1
  B:0090H.0       PUBLIC        T2
  B:00A8H.7       PUBLIC        EA
  D:00A8H         PUBLIC        IE
  B:00C8H.6       PUBLIC        EXF2
  B:00B0H.7       PUBLIC        RD
  B:00A8H.4       PUBLIC        ES
  D:00B8H         PUBLIC        IP
  B:0098H.0       PUBLIC        RI
  B:00B0H.2       PUBLIC        INT0
  B:00D0H.7       PUBLIC        CY
  B:0098H.1       PUBLIC        TI
  B:00B0H.3       PUBLIC        INT1
  B:00B8H.4       PUBLIC        PS
  B:0090H.1       PUBLIC        T2EX
  B:00D0H.2       PUBLIC        OV
  C:0003H         PUBLIC        main
  C:008CH         PUBLIC        scan
  B:00C8H.1       PUBLIC        C_T2
  B:00B0H.6       PUBLIC        WR
  B:00C8H.5       PUBLIC        RCLK
  B:00C8H.4       PUBLIC        TCLK
  D:0098H         PUBLIC        SCON
  D:0088H         PUBLIC        TCON
  B:0088H.1       PUBLIC        IE0
  B:0088H.3       PUBLIC        IE1
  B:00C8H.0       PUBLIC        CP_RL2
  B:00A8H.1       PUBLIC        ET0
  B:00A8H.3       PUBLIC        ET1
  B:0088H.5       PUBLIC        TF0
  B:00A8H.5       PUBLIC        ET2
  B:0088H.7       PUBLIC        TF1
  B:00C8H.7       PUBLIC        TF2
  B:0098H.2       PUBLIC        RB8
  B:00A8H.0       PUBLIC        EX0
  B:0088H.0       PUBLIC        IT0
  B:0098H.3       PUBLIC        TB8
  B:00A8H.2       PUBLIC        EX1
  B:0088H.2       PUBLIC        IT1
  B:00D0H.0       PUBLIC        P
  B:0098H.7       PUBLIC        SM0
  B:0098H.6       PUBLIC        SM1
  B:0098H.5       PUBLIC        SM2
  B:00B8H.1       PUBLIC        PT0
  B:00B8H.3       PUBLIC        PT1
  B:00D0H.3       PUBLIC        RS0
  B:00B8H.5       PUBLIC        PT2
  B:0088H.4       PUBLIC        TR0
  B:00D0H.4       PUBLIC        RS1
  C:007EH         PUBLIC        TAB
  B:0088H.6       PUBLIC        TR1
  B:00C8H.2       PUBLIC        TR2
  B:00B8H.0       PUBLIC        PX0
  B:00B8H.2       PUBLIC        PX1
BL51 BANKED LINKER/LOCATER V5.00                                                      07/07/2014  07:51:31  PAGE 3


  B:00C8H.3       PUBLIC        EXEN2
  B:0098H.4       PUBLIC        REN
  D:00C8H         PUBLIC        T2CON
  B:00B0H.0       PUBLIC        RXD
  B:00B0H.1       PUBLIC        TXD
  B:00D0H.5       PUBLIC        F0
  C:0088H         PUBLIC        display
  D:00D0H         PUBLIC        PSW
  -------         PROC          MAIN
  -------         DO            
  D:0008H         SYMBOL        i
  -------         ENDDO         
  C:0003H         LINE#         10
  C:0003H         LINE#         11
  C:0003H         LINE#         13
  C:0003H         LINE#         14
  C:0003H         LINE#         15
  C:0006H         LINE#         16
  C:0006H         LINE#         17
  C:0009H         LINE#         18
  C:001EH         LINE#         19
  C:0044H         LINE#         20
  C:004BH         LINE#         21
  -------         ENDPROC       MAIN
  -------         PROC          _DELAY1MS
  D:0006H         SYMBOL        x
  -------         DO            
  D:0004H         SYMBOL        i
  D:0002H         SYMBOL        j
  -------         ENDDO         
  C:0058H         LINE#         26
  C:0058H         LINE#         27
  C:0058H         LINE#         28
  C:0068H         LINE#         29
  C:007DH         LINE#         30
  -------         ENDPROC       _DELAY1MS
  -------         ENDMOD        ___ñ6__Ä_»_ß¶_Êý_ë_Ü¶__¬__Ê_

Program Size: data=10.0 xdata=0 code=156
LINK/LOCATE RUN COMPLETE.  0 WARNING(S),  0 ERROR(S)
