BL51 BANKED LINKER/LOCATER V5.00                                                        09/04/2014  07:13:01  PAGE 1


BL51 BANKED LINKER/LOCATER V5.00, INVOKED BY:
C:\KEIL\C51\BIN\BL51.EXE ÈÎÎñ11.ÓÃ¶¨Ê±Æ÷T0ÖÐ¶Ï¿ØÖÆledµÆÉÁË¸.obj TO ÈÎÎñ11.ÓÃ¶¨Ê±Æ÷T0ÖÐ¶Ï¿ØÖÆledµÆÉÁË¸


MEMORY MODEL: SMALL


INPUT MODULES INCLUDED:
  ÈÎÎñ11.ÓÃ¶¨Ê±Æ÷T0ÖÐ¶Ï¿ØÖÆledµÆÉÁË¸.obj (___ñ11___¶¨Ê__÷T0__¶_____LEDµ_____)
  C:\KEIL\C51\LIB\C51S.LIB (?C_STARTUP)
  C:\KEIL\C51\LIB\C51S.LIB (?C_INIT)


LINK MAP OF MODULE:  ÈÎÎñ11.ÓÃ¶¨Ê±Æ÷T0ÖÐ¶Ï¿ØÖÆledµÆÉÁË¸ (___ñ11___¶¨Ê__÷T0__¶_____LEDµ_____)


            TYPE    BASE      LENGTH    RELOCATION   SEGMENT NAME
            -----------------------------------------------------

            * * * * * * *   D A T A   M E M O R Y   * * * * * * *
            REG     0000H     0008H     ABSOLUTE     "REG BANK 0"
            DATA    0008H     0001H     UNIT         ?DT?___ñ11___¶¨Ê__÷T0__¶_____LEDµ_____
            IDATA   0009H     0001H     UNIT         ?STACK

            * * * * * * *   C O D E   M E M O R Y   * * * * * * *
            CODE    0000H     0003H     ABSOLUTE     
            CODE    0003H     0004H     UNIT         ?C_INITSEG
                    0007H     0004H                  *** GAP ***
            CODE    000BH     0003H     ABSOLUTE     
            CODE    000EH     008CH     UNIT         ?C_C51STARTUP
            CODE    009AH     001CH     UNIT         ?PR?TIMER0?___ñ11___¶¨Ê__÷T0__¶_____LEDµ_____
            CODE    00B6H     0013H     UNIT         ?PR?MAIN?___ñ11___¶¨Ê__÷T0__¶_____LEDµ_____



OVERLAY MAP OF MODULE:   ÈÎÎñ11.ÓÃ¶¨Ê±Æ÷T0ÖÐ¶Ï¿ØÖÆledµÆÉÁË¸ (___ñ11___¶¨Ê__÷T0__¶_____LEDµ_____)


SEGMENT
  +--> CALLED SEGMENT
---------------------
?C_C51STARTUP
  +--> ?PR?MAIN?___ñ11___¶¨Ê__÷T0__¶_____LED...
  +--> ?C_INITSEG



SYMBOL TABLE OF MODULE:  ÈÎÎñ11.ÓÃ¶¨Ê±Æ÷T0ÖÐ¶Ï¿ØÖÆledµÆÉÁË¸ (___ñ11___¶¨Ê__÷T0__¶_____LEDµ_____)

  VALUE           TYPE          NAME
  ----------------------------------

  -------         MODULE        ___ñ11___¶¨Ê__÷T0__¶_____LEDµ_____
  C:0000H         SYMBOL        _ICE_DUMMY_
  D:0080H         PUBLIC        P0
  D:0090H         PUBLIC        P1
  D:00B0H         PUBLIC        P3
  B:00B0H.4       PUBLIC        T0
BL51 BANKED LINKER/LOCATER V5.00                                                      09/04/2014  07:13:01  PAGE 2


  B:00D0H.6       PUBLIC        AC
  B:00B0H.5       PUBLIC        T1
  B:0090H.0       PUBLIC        T2
  B:00A8H.7       PUBLIC        EA
  D:00A8H         PUBLIC        IE
  B:00C8H.6       PUBLIC        EXF2
  B:00B0H.7       PUBLIC        RD
  B:00A8H.4       PUBLIC        ES
  D:00B8H         PUBLIC        IP
  B:0098H.0       PUBLIC        RI
  B:00B0H.2       PUBLIC        INT0
  B:00D0H.7       PUBLIC        CY
  B:0098H.1       PUBLIC        TI
  B:00B0H.3       PUBLIC        INT1
  B:00B8H.4       PUBLIC        PS
  B:0090H.1       PUBLIC        T2EX
  B:00D0H.2       PUBLIC        OV
  C:00B6H         PUBLIC        main
  B:00C8H.1       PUBLIC        C_T2
  B:00B0H.6       PUBLIC        WR
  B:00C8H.5       PUBLIC        RCLK
  B:00C8H.4       PUBLIC        TCLK
  D:0098H         PUBLIC        SCON
  D:0089H         PUBLIC        TMOD
  D:0088H         PUBLIC        TCON
  B:0088H.1       PUBLIC        IE0
  B:0088H.3       PUBLIC        IE1
  D:0008H         PUBLIC        Count_T
  B:00C8H.0       PUBLIC        CP_RL2
  B:00A8H.1       PUBLIC        ET0
  B:00A8H.3       PUBLIC        ET1
  B:0088H.5       PUBLIC        TF0
  B:00A8H.5       PUBLIC        ET2
  B:0088H.7       PUBLIC        TF1
  B:00C8H.7       PUBLIC        TF2
  B:0098H.2       PUBLIC        RB8
  D:008CH         PUBLIC        TH0
  B:00A8H.0       PUBLIC        EX0
  B:0088H.0       PUBLIC        IT0
  B:0098H.3       PUBLIC        TB8
  B:00A8H.2       PUBLIC        EX1
  B:0088H.2       PUBLIC        IT1
  B:00D0H.0       PUBLIC        P
  B:0098H.7       PUBLIC        SM0
  D:008AH         PUBLIC        TL0
  B:0098H.6       PUBLIC        SM1
  B:0098H.5       PUBLIC        SM2
  C:009AH         PUBLIC        timer0
  B:00B8H.1       PUBLIC        PT0
  B:00B8H.3       PUBLIC        PT1
  B:00D0H.3       PUBLIC        RS0
  B:00B8H.5       PUBLIC        PT2
  B:0088H.4       PUBLIC        TR0
  B:00D0H.4       PUBLIC        RS1
  B:0088H.6       PUBLIC        TR1
  B:00C8H.2       PUBLIC        TR2
  B:00B8H.0       PUBLIC        PX0
BL51 BANKED LINKER/LOCATER V5.00                                                      09/04/2014  07:13:01  PAGE 3


  B:00B8H.2       PUBLIC        PX1
  B:00C8H.3       PUBLIC        EXEN2
  B:0098H.4       PUBLIC        REN
  D:00C8H         PUBLIC        T2CON
  B:00B0H.0       PUBLIC        RXD
  B:00B0H.1       PUBLIC        TXD
  B:00D0H.5       PUBLIC        F0
  D:00D0H         PUBLIC        PSW
  -------         PROC          MAIN
  C:00B6H         LINE#         10
  C:00B6H         LINE#         11
  C:00B9H         LINE#         12
  C:00BCH         LINE#         13
  C:00BFH         LINE#         14
  C:00C2H         LINE#         15
  C:00C4H         LINE#         16
  C:00C7H         LINE#         17
  -------         ENDPROC       MAIN
  -------         PROC          TIMER0
  C:009AH         LINE#         20
  C:009EH         LINE#         21
  C:00A4H         LINE#         22
  C:00ABH         LINE#         23
  C:00AEH         LINE#         24
  C:00B1H         LINE#         25
  C:00B1H         LINE#         26
  -------         ENDPROC       TIMER0
  -------         ENDMOD        ___ñ11___¶¨Ê__÷T0__¶_____LEDµ_____

Program Size: data=10.0 xdata=0 code=197
LINK/LOCATE RUN COMPLETE.  0 WARNING(S),  0 ERROR(S)
