BL51 BANKED LINKER/LOCATER V6.22.4.0                                                    05/25/2026  09:52:59  PAGE 1


BL51 BANKED LINKER/LOCATER V6.22.4.0, INVOKED BY:
C:\KEIL_V5\C51\BIN\BL51.EXE 任务3.通过继电器控制外部灯2s闪烁一次.obj TO 任务3.通过继电器控制外部灯2s闪烁一次


MEMORY MODEL: SMALL


INPUT MODULES INCLUDED:
  任务3.通过继电器控制外部灯2s闪烁一次.obj (____3_____________________2S________)
  C:\KEIL_V5\C51\LIB\C51S.LIB (?C_STARTUP)


LINK MAP OF MODULE:  任务3.通过继电器控制外部灯2s闪烁一次 (____3_____________________2S________)


            TYPE    BASE      LENGTH    RELOCATION   SEGMENT NAME
            -----------------------------------------------------

            * * * * * * *   D A T A   M E M O R Y   * * * * * * *
            REG     0000H     0008H     ABSOLUTE     "REG BANK 0"
            IDATA   0008H     0001H     UNIT         ?STACK

            * * * * * * *   C O D E   M E M O R Y   * * * * * * *
            CODE    0000H     0003H     ABSOLUTE     
            CODE    0003H     0026H     UNIT         ?PR?_DELAY1MS?____3_____________________2S________
            CODE    0029H     0014H     UNIT         ?PR?MAIN?____3_____________________2S________
            CODE    003DH     000CH     UNIT         ?C_C51STARTUP



OVERLAY MAP OF MODULE:   任务3.通过继电器控制外部灯2s闪烁一次 (____3_____________________2S________)


SEGMENT
  +--> CALLED SEGMENT
---------------------
?C_C51STARTUP
  +--> ?PR?MAIN?____3_____________________2S...

?PR?MAIN?____3_____________________2S...
  +--> ?PR?_DELAY1MS?____3__________________...



SYMBOL TABLE OF MODULE:  任务3.通过继电器控制外部灯2s闪烁一次 (____3_____________________2S________)

  VALUE           TYPE          NAME
  ----------------------------------

  -------         MODULE        ____3_____________________2S________
  C:0000H         SYMBOL        _ICE_DUMMY_
  D:0090H         PUBLIC        P1
  D:00B0H         PUBLIC        P3
  D:00A8H         PUBLIC        IE
  D:00B8H         PUBLIC        IP
  C:0003H         PUBLIC        _delay1ms
  C:0029H         PUBLIC        main
  B:00B0H.7       PUBLIC        lamp
BL51 BANKED LINKER/LOCATER V6.22.4.0                                                  05/25/2026  09:52:59  PAGE 2


  D:0098H         PUBLIC        SCON
  D:0088H         PUBLIC        TCON
  D:00C8H         PUBLIC        T2CON
  D:00D0H         PUBLIC        PSW
  -------         PROC          MAIN
  C:0029H         LINE#         8
  C:0029H         LINE#         9
  C:0029H         LINE#         10
  C:0029H         LINE#         11
  C:002BH         LINE#         12
  C:0032H         LINE#         13
  C:0034H         LINE#         14
  C:003BH         LINE#         15
  -------         ENDPROC       MAIN
  -------         PROC          _DELAY1MS
  D:0006H         SYMBOL        x
  -------         DO            
  D:0004H         SYMBOL        i
  D:0002H         SYMBOL        j
  -------         ENDDO         
  C:0003H         LINE#         20
  C:0003H         LINE#         21
  C:0003H         LINE#         22
  C:0013H         LINE#         23
  C:0028H         LINE#         24
  -------         ENDPROC       _DELAY1MS
  -------         ENDMOD        ____3_____________________2S________

Program Size: data=9.0 xdata=0 code=73
LINK/LOCATE RUN COMPLETE.  0 WARNING(S),  0 ERROR(S)
