BL51 BANKED LINKER/LOCATER V5.00                                                        09/04/2014  07:14:22  PAGE 1


BL51 BANKED LINKER/LOCATER V5.00, INVOKED BY:
C:\KEIL\C51\BIN\BL51.EXE ÈÎÎñ10.ÓÃ¶þ¸öÍâ²¿ÖÐ¶Ï¿ØÖÆÊýÂë¹Ü¼Ó¼õ¼ÆÊý.obj TO ÈÎÎñ10.ÓÃ¶þ¸öÍâ²¿ÖÐ¶Ï¿ØÖÆÊýÂë¹Ü¼Ó¼õ¼ÆÊý


MEMORY MODEL: SMALL


INPUT MODULES INCLUDED:
  ÈÎÎñ10.ÓÃ¶þ¸öÍâ²¿ÖÐ¶Ï¿ØÖÆÊýÂë¹Ü¼Ó¼õ¼ÆÊý.obj (___ñ10___¶þ_ö_â____¶_____Êý_ë_Ü¼_¼_¼_Êý)
  C:\KEIL\C51\LIB\C51S.LIB (?C_STARTUP)


LINK MAP OF MODULE:  ÈÎÎñ10.ÓÃ¶þ¸öÍâ²¿ÖÐ¶Ï¿ØÖÆÊýÂë¹Ü¼Ó¼õ¼ÆÊý (___ñ10___¶þ_ö_â____¶_____Êý_ë_Ü¼_¼_¼_Êý)


            TYPE    BASE      LENGTH    RELOCATION   SEGMENT NAME
            -----------------------------------------------------

            * * * * * * *   D A T A   M E M O R Y   * * * * * * *
            REG     0000H     0008H     ABSOLUTE     "REG BANK 0"
            DATA    0008H     0006H     UNIT         _DATA_GROUP_
            IDATA   000EH     0001H     UNIT         ?STACK

            * * * * * * *   C O D E   M E M O R Y   * * * * * * *
            CODE    0000H     0003H     ABSOLUTE     
            CODE    0003H     0003H     ABSOLUTE     
            CODE    0006H     000CH     UNIT         ?C_C51STARTUP
                    0012H     0001H                  *** GAP ***
            CODE    0013H     0003H     ABSOLUTE     
            CODE    0016H     0055H     UNIT         ?PR?ADD_INT0?___ñ10___¶þ_ö_â____¶_____Êý_ë_Ü¼_¼_¼_Êý
            CODE    006BH     0055H     UNIT         ?PR?SUBB_INT1?___ñ10___¶þ_ö_â____¶_____Êý_ë_Ü¼_¼_¼_Êý
            CODE    00C0H     003DH     UNIT         ?PR?_DELAY1MS?___ñ10___¶þ_ö_â____¶_____Êý_ë_Ü¼_¼_¼_Êý
            CODE    00FDH     000EH     UNIT         ?PR?MAIN?___ñ10___¶þ_ö_â____¶_____Êý_ë_Ü¼_¼_¼_Êý
            CODE    010BH     000AH     UNIT         ?CO?___ñ10___¶þ_ö_â____¶_____Êý_ë_Ü¼_¼_¼_Êý



OVERLAY MAP OF MODULE:   ÈÎÎñ10.ÓÃ¶þ¸öÍâ²¿ÖÐ¶Ï¿ØÖÆÊýÂë¹Ü¼Ó¼õ¼ÆÊý (___ñ10___¶þ_ö_â____¶_____Êý_ë_Ü¼_¼_¼_Êý)


SEGMENT                                            DATA_GROUP 
  +--> CALLED SEGMENT                            START    LENGTH
----------------------------------------------------------------
?PR?ADD_INT0?___ñ10___¶þ_ö_â____¶____...         0008H    0003H
  +--> ?PR?_DELAY1MS?___ñ10___¶þ_ö_â____¶___...

?PR?_DELAY1MS?___ñ10___¶þ_ö_â____¶___...         -----    -----
  +--> ?CO?___ñ10___¶þ_ö_â____¶_____Êý_ë_Ü¼_...

*** NEW ROOT ***************************************************

?PR?SUBB_INT1?___ñ10___¶þ_ö_â____¶___...         000BH    0003H
  +--> ?PR?_DELAY1MS?___ñ10___¶þ_ö_â____¶___...

*** NEW ROOT ***************************************************

?C_C51STARTUP                                    -----    -----
  +--> ?PR?MAIN?___ñ10___¶þ_ö_â____¶_____Êý_...
BL51 BANKED LINKER/LOCATER V5.00                                                      09/04/2014  07:14:22  PAGE 2





SYMBOL TABLE OF MODULE:  ÈÎÎñ10.ÓÃ¶þ¸öÍâ²¿ÖÐ¶Ï¿ØÖÆÊýÂë¹Ü¼Ó¼õ¼ÆÊý (___ñ10___¶þ_ö_â____¶_____Êý_ë_Ü¼_¼_¼_Êý)

  VALUE           TYPE          NAME
  ----------------------------------

  -------         MODULE        ___ñ10___¶þ_ö_â____¶_____Êý_ë_Ü¼_¼_¼_Êý
  C:0000H         SYMBOL        _ICE_DUMMY_
  D:0080H         PUBLIC        P0
  D:0090H         PUBLIC        P1
  D:00A0H         PUBLIC        P2
  D:00B0H         PUBLIC        P3
  B:00B0H.4       PUBLIC        T0
  B:00D0H.6       PUBLIC        AC
  C:00D7H         PUBLIC        _delay1ms
  B:00B0H.5       PUBLIC        T1
  B:0090H.0       PUBLIC        T2
  B:00A8H.7       PUBLIC        EA
  C:0016H         PUBLIC        add_int0
  C:006BH         PUBLIC        subb_int1
  D:00A8H         PUBLIC        IE
  B:00C8H.6       PUBLIC        EXF2
  B:00B0H.7       PUBLIC        RD
  B:00A8H.4       PUBLIC        ES
  D:00B8H         PUBLIC        IP
  B:0098H.0       PUBLIC        RI
  B:00B0H.2       PUBLIC        INT0
  B:00D0H.7       PUBLIC        CY
  B:0098H.1       PUBLIC        TI
  B:00B0H.3       PUBLIC        INT1
  B:00B8H.4       PUBLIC        PS
  B:0090H.1       PUBLIC        T2EX
  B:00D0H.2       PUBLIC        OV
  C:00FDH         PUBLIC        main
  B:00C8H.1       PUBLIC        C_T2
  B:00B0H.6       PUBLIC        WR
  B:00C8H.5       PUBLIC        RCLK
  B:00C8H.4       PUBLIC        TCLK
  D:0098H         PUBLIC        SCON
  D:0088H         PUBLIC        TCON
  B:0088H.1       PUBLIC        IE0
  B:0088H.3       PUBLIC        IE1
  B:00C8H.0       PUBLIC        CP_RL2
  B:00A8H.1       PUBLIC        ET0
  B:00A8H.3       PUBLIC        ET1
  B:0088H.5       PUBLIC        TF0
  B:00A8H.5       PUBLIC        ET2
  B:0088H.7       PUBLIC        TF1
  B:00C8H.7       PUBLIC        TF2
  B:0098H.2       PUBLIC        RB8
  B:00A8H.0       PUBLIC        EX0
  B:0088H.0       PUBLIC        IT0
  B:0098H.3       PUBLIC        TB8
  B:00A8H.2       PUBLIC        EX1
  B:0088H.2       PUBLIC        IT1
BL51 BANKED LINKER/LOCATER V5.00                                                      09/04/2014  07:14:22  PAGE 3


  B:00D0H.0       PUBLIC        P
  B:0098H.7       PUBLIC        SM0
  B:0098H.6       PUBLIC        SM1
  B:0098H.5       PUBLIC        SM2
  B:00B8H.1       PUBLIC        PT0
  B:00B8H.3       PUBLIC        PT1
  B:00D0H.3       PUBLIC        RS0
  B:00B8H.5       PUBLIC        PT2
  B:0088H.4       PUBLIC        TR0
  B:00D0H.4       PUBLIC        RS1
  C:010BH         PUBLIC        TAB
  B:0088H.6       PUBLIC        TR1
  B:00C8H.2       PUBLIC        TR2
  B:00B8H.0       PUBLIC        PX0
  B:00B8H.2       PUBLIC        PX1
  B:00C8H.3       PUBLIC        EXEN2
  B:0098H.4       PUBLIC        REN
  D:00C8H         PUBLIC        T2CON
  B:00B0H.0       PUBLIC        RXD
  B:00B0H.1       PUBLIC        TXD
  B:00D0H.5       PUBLIC        F0
  D:00D0H         PUBLIC        PSW
  -------         PROC          MAIN
  C:00FDH         LINE#         9
  C:00FDH         LINE#         10
  C:00FDH         LINE#         11
  C:0100H         LINE#         12
  C:0103H         LINE#         13
  C:0106H         LINE#         14
  C:0109H         LINE#         15
  -------         ENDPROC       MAIN
  -------         PROC          ADD_INT0
  -------         DO            
  D:0008H         SYMBOL        i
  D:0009H         SYMBOL        saveSEG7
  -------         ENDDO         
  C:0016H         LINE#         18
  C:0033H         LINE#         20
  C:003AH         LINE#         21
  C:003DH         LINE#         22
  C:003DH         LINE#         23
  C:003FH         LINE#         24
  C:0042H         LINE#         25
  C:004DH         LINE#         26
  C:0050H         LINE#         27
  -------         ENDPROC       ADD_INT0
  -------         PROC          SUBB_INT1
  -------         DO            
  D:000BH         SYMBOL        i
  D:000CH         SYMBOL        saveSEG7
  -------         ENDDO         
  C:006BH         LINE#         29
  C:0088H         LINE#         31
  C:008FH         LINE#         32
  C:0092H         LINE#         33
  C:0092H         LINE#         34
  C:0094H         LINE#         35
BL51 BANKED LINKER/LOCATER V5.00                                                      09/04/2014  07:14:22  PAGE 4


  C:0097H         LINE#         36
  C:00A2H         LINE#         37
  C:00A5H         LINE#         38
  -------         ENDPROC       SUBB_INT1
  -------         PROC          L?0021
  -------         ENDPROC       L?0021
  -------         PROC          _DELAY1MS
  D:0006H         SYMBOL        x
  -------         DO            
  D:0004H         SYMBOL        i
  D:0002H         SYMBOL        j
  -------         ENDDO         
  C:00D7H         LINE#         40
  C:00D7H         LINE#         41
  C:00D7H         LINE#         42
  C:00E7H         LINE#         43
  C:00FCH         LINE#         44
  -------         ENDPROC       _DELAY1MS
  -------         ENDMOD        ___ñ10___¶þ_ö_â____¶_____Êý_ë_Ü¼_¼_¼_Êý

Program Size: data=15.0 xdata=0 code=276
LINK/LOCATE RUN COMPLETE.  0 WARNING(S),  0 ERROR(S)
