BL51 BANKED LINKER/LOCATER V5.00                                                        07/07/2014  06:31:06  PAGE 1


BL51 BANKED LINKER/LOCATER V5.00, INVOKED BY:
C:\KEIL\C51\BIN\BL51.EXE ÈÎÎñ5.Çý¶¯Æß¶ÎÊýÂë¹ÜÏÔÊ¾0-9.obj TO ÈÎÎñ5.Çý¶¯Æß¶ÎÊýÂë¹ÜÏÔÊ¾0-9


MEMORY MODEL: SMALL


INPUT MODULES INCLUDED:
  ÈÎÎñ5.Çý¶¯Æß¶ÎÊýÂë¹ÜÏÔÊ¾0-9.obj (___ñ5__ý¶__ß¶_Êý_ë_Ü__Ê_0_9)
  C:\KEIL\C51\LIB\C51S.LIB (?C_STARTUP)


LINK MAP OF MODULE:  ÈÎÎñ5.Çý¶¯Æß¶ÎÊýÂë¹ÜÏÔÊ¾0-9 (___ñ5__ý¶__ß¶_Êý_ë_Ü__Ê_0_9)


            TYPE    BASE      LENGTH    RELOCATION   SEGMENT NAME
            -----------------------------------------------------

            * * * * * * *   D A T A   M E M O R Y   * * * * * * *
            REG     0000H     0008H     ABSOLUTE     "REG BANK 0"
            DATA    0008H     0001H     UNIT         _DATA_GROUP_
            IDATA   0009H     0001H     UNIT         ?STACK

            * * * * * * *   C O D E   M E M O R Y   * * * * * * *
            CODE    0000H     0003H     ABSOLUTE     
            CODE    0003H     0026H     UNIT         ?PR?_DELAY1MS?___ñ5__ý¶__ß¶_Êý_ë_Ü__Ê_0_9
            CODE    0029H     0020H     UNIT         ?PR?MAIN?___ñ5__ý¶__ß¶_Êý_ë_Ü__Ê_0_9
            CODE    0049H     000CH     UNIT         ?C_C51STARTUP
            CODE    0055H     000AH     UNIT         ?CO?___ñ5__ý¶__ß¶_Êý_ë_Ü__Ê_0_9



OVERLAY MAP OF MODULE:   ÈÎÎñ5.Çý¶¯Æß¶ÎÊýÂë¹ÜÏÔÊ¾0-9 (___ñ5__ý¶__ß¶_Êý_ë_Ü__Ê_0_9)


SEGMENT                                            DATA_GROUP 
  +--> CALLED SEGMENT                            START    LENGTH
----------------------------------------------------------------
?C_C51STARTUP                                    -----    -----
  +--> ?PR?MAIN?___ñ5__ý¶__ß¶_Êý_ë_Ü__Ê_0_9

?PR?MAIN?___ñ5__ý¶__ß¶_Êý_ë_Ü__Ê_0_9             0008H    0001H
  +--> ?CO?___ñ5__ý¶__ß¶_Êý_ë_Ü__Ê_0_9
  +--> ?PR?_DELAY1MS?___ñ5__ý¶__ß¶_Êý_ë_Ü__Ê...



SYMBOL TABLE OF MODULE:  ÈÎÎñ5.Çý¶¯Æß¶ÎÊýÂë¹ÜÏÔÊ¾0-9 (___ñ5__ý¶__ß¶_Êý_ë_Ü__Ê_0_9)

  VALUE           TYPE          NAME
  ----------------------------------

  -------         MODULE        ___ñ5__ý¶__ß¶_Êý_ë_Ü__Ê_0_9
  C:0000H         SYMBOL        _ICE_DUMMY_
  D:0080H         PUBLIC        P0
  D:00A0H         PUBLIC        P2
  B:00B0H.4       PUBLIC        T0
  B:00D0H.6       PUBLIC        AC
BL51 BANKED LINKER/LOCATER V5.00                                                      07/07/2014  06:31:06  PAGE 2


  C:0003H         PUBLIC        _delay1ms
  B:00B0H.5       PUBLIC        T1
  B:00A8H.7       PUBLIC        EA
  B:00B0H.7       PUBLIC        RD
  B:00A8H.4       PUBLIC        ES
  B:0098H.0       PUBLIC        RI
  B:00B0H.2       PUBLIC        INT0
  B:00D0H.7       PUBLIC        CY
  B:0098H.1       PUBLIC        TI
  B:00B0H.3       PUBLIC        INT1
  B:00B8H.4       PUBLIC        PS
  B:00D0H.2       PUBLIC        OV
  C:0029H         PUBLIC        main
  B:00B0H.6       PUBLIC        WR
  B:0088H.1       PUBLIC        IE0
  B:0088H.3       PUBLIC        IE1
  B:00A8H.1       PUBLIC        ET0
  B:00A8H.3       PUBLIC        ET1
  B:0088H.5       PUBLIC        TF0
  B:0088H.7       PUBLIC        TF1
  B:0098H.2       PUBLIC        RB8
  B:00A8H.0       PUBLIC        EX0
  B:0088H.0       PUBLIC        IT0
  B:0098H.3       PUBLIC        TB8
  B:00A8H.2       PUBLIC        EX1
  B:0088H.2       PUBLIC        IT1
  B:00D0H.0       PUBLIC        P
  B:0098H.7       PUBLIC        SM0
  B:0098H.6       PUBLIC        SM1
  B:0098H.5       PUBLIC        SM2
  B:00B8H.1       PUBLIC        PT0
  B:00B8H.3       PUBLIC        PT1
  B:00D0H.3       PUBLIC        RS0
  B:0088H.4       PUBLIC        TR0
  B:00D0H.4       PUBLIC        RS1
  C:0055H         PUBLIC        TAB
  B:0088H.6       PUBLIC        TR1
  B:00B8H.0       PUBLIC        PX0
  B:00B8H.2       PUBLIC        PX1
  B:0098H.4       PUBLIC        REN
  B:00B0H.0       PUBLIC        RXD
  B:00B0H.1       PUBLIC        TXD
  B:00D0H.5       PUBLIC        F0
  -------         PROC          MAIN
  -------         DO            
  D:0008H         SYMBOL        i
  -------         ENDDO         
  C:0029H         LINE#         9
  C:0029H         LINE#         10
  C:0029H         LINE#         11
  C:002CH         LINE#         12
  C:002CH         LINE#         13
  C:002CH         LINE#         14
  C:002FH         LINE#         15
  C:002FH         LINE#         16
  C:0037H         LINE#         17
  C:003EH         LINE#         18
BL51 BANKED LINKER/LOCATER V5.00                                                      07/07/2014  06:31:06  PAGE 3


  -------         ENDPROC       MAIN
  -------         PROC          _DELAY1MS
  D:0006H         SYMBOL        x
  -------         DO            
  D:0004H         SYMBOL        i
  D:0002H         SYMBOL        j
  -------         ENDDO         
  C:0003H         LINE#         23
  C:0003H         LINE#         24
  C:0003H         LINE#         25
  C:0013H         LINE#         26
  C:0028H         LINE#         27
  -------         ENDPROC       _DELAY1MS
  -------         ENDMOD        ___ñ5__ý¶__ß¶_Êý_ë_Ü__Ê_0_9

Program Size: data=10.0 xdata=0 code=95
LINK/LOCATE RUN COMPLETE.  0 WARNING(S),  0 ERROR(S)
