BL51 BANKED LINKER/LOCATER V5.00                                                        09/09/2014  04:58:32  PAGE 1


BL51 BANKED LINKER/LOCATER V5.00, INVOKED BY:
C:\KEIL\C51\BIN\BL51.EXE ÈÎÎñ15.ÓÃDS18B20²âÁ¿ÎÂ¶È²¢ÓÃÊýÂë¹ÜÏÔÊ¾.obj TO ÈÎÎñ15.ÓÃDS18B20²âÁ¿ÎÂ¶È²¢ÓÃÊýÂë¹ÜÏÔÊ¾


MEMORY MODEL: SMALL


INPUT MODULES INCLUDED:
  ÈÎÎñ15.ÓÃDS18B20²âÁ¿ÎÂ¶È²¢ÓÃÊýÂë¹ÜÏÔÊ¾.obj (___ñ15___DS18B20_â____¶_____Êý_ë_Ü__Ê_)
  C:\KEIL\C51\LIB\C51S.LIB (?C_STARTUP)
  C:\KEIL\C51\LIB\C51S.LIB (?C_INIT)


LINK MAP OF MODULE:  ÈÎÎñ15.ÓÃDS18B20²âÁ¿ÎÂ¶È²¢ÓÃÊýÂë¹ÜÏÔÊ¾ (___ñ15___DS18B20_â____¶_____Êý_ë_Ü__Ê_)


            TYPE    BASE      LENGTH    RELOCATION   SEGMENT NAME
            -----------------------------------------------------

            * * * * * * *   D A T A   M E M O R Y   * * * * * * *
            REG     0000H     0008H     ABSOLUTE     "REG BANK 0"
            DATA    0008H     0006H     UNIT         ?DT?___ñ15___DS18B20_â____¶_____Êý_ë_Ü__Ê_
                    000EH     0012H                  *** GAP ***
            BIT     0020H.0   0000H.1   UNIT         ?BI?___ñ15___DS18B20_â____¶_____Êý_ë_Ü__Ê_
                    0020H.1   0000H.7                *** GAP ***
            IDATA   0021H     0001H     UNIT         ?STACK

            * * * * * * *   C O D E   M E M O R Y   * * * * * * *
            CODE    0000H     0003H     ABSOLUTE     
            CODE    0003H     008CH     UNIT         ?C_C51STARTUP
            CODE    008FH     0061H     UNIT         ?PR?READ_TEMPERATURE?___ñ15___DS18B20_â____¶_____Êý_ë_Ü__Ê_
            CODE    00F0H     002EH     UNIT         ?PR?DISPLAY_TEMPERATURE?___ñ15___DS18B20_â____¶_____Êý_ë_Ü__Ê_
            CODE    011EH     0026H     UNIT         ?PR?READONEBYTE?___ñ15___DS18B20_â____¶_____Êý_ë_Ü__Ê_
            CODE    0144H     0024H     UNIT         ?PR?_WRITEONEBYTE?___ñ15___DS18B20_â____¶_____Êý_ë_Ü__Ê_
            CODE    0168H     0021H     UNIT         ?PR?INIT_DS18B20?___ñ15___DS18B20_â____¶_____Êý_ë_Ü__Ê_
            CODE    0189H     001DH     UNIT         ?PR?_DELAYMS?___ñ15___DS18B20_â____¶_____Êý_ë_Ü__Ê_
            CODE    01A6H     000FH     UNIT         ?C_INITSEG
            CODE    01B5H     000AH     UNIT         ?CO?___ñ15___DS18B20_â____¶_____Êý_ë_Ü__Ê_
            CODE    01BFH     0005H     UNIT         ?PR?MAIN?___ñ15___DS18B20_â____¶_____Êý_ë_Ü__Ê_
            CODE    01C4H     0003H     UNIT         ?PR?_DELAYUS?___ñ15___DS18B20_â____¶_____Êý_ë_Ü__Ê_



OVERLAY MAP OF MODULE:   ÈÎÎñ15.ÓÃDS18B20²âÁ¿ÎÂ¶È²¢ÓÃÊýÂë¹ÜÏÔÊ¾ (___ñ15___DS18B20_â____¶_____Êý_ë_Ü__Ê_)


SEGMENT
  +--> CALLED SEGMENT
---------------------
?C_C51STARTUP
  +--> ?PR?MAIN?___ñ15___DS18B20_â____¶_____...
  +--> ?C_INITSEG

?PR?MAIN?___ñ15___DS18B20_â____¶_____...
  +--> ?PR?READ_TEMPERATURE?___ñ15___DS18B20...

?PR?READ_TEMPERATURE?___ñ15___DS18B20...
  +--> ?PR?INIT_DS18B20?___ñ15___DS18B20_â__...
BL51 BANKED LINKER/LOCATER V5.00                                                      09/09/2014  04:58:32  PAGE 2


  +--> ?PR?_WRITEONEBYTE?___ñ15___DS18B20_â_...
  +--> ?PR?DISPLAY_TEMPERATURE?___ñ15___DS18...
  +--> ?PR?READONEBYTE?___ñ15___DS18B20_â___...

?PR?INIT_DS18B20?___ñ15___DS18B20_â__...
  +--> ?PR?_DELAYUS?___ñ15___DS18B20_â____¶_...

?PR?_WRITEONEBYTE?___ñ15___DS18B20_â_...
  +--> ?PR?_DELAYUS?___ñ15___DS18B20_â____¶_...

?PR?DISPLAY_TEMPERATURE?___ñ15___DS18...
  +--> ?CO?___ñ15___DS18B20_â____¶_____Êý_ë_...
  +--> ?PR?_DELAYMS?___ñ15___DS18B20_â____¶_...

?PR?READONEBYTE?___ñ15___DS18B20_â___...
  +--> ?PR?_DELAYUS?___ñ15___DS18B20_â____¶_...



SYMBOL TABLE OF MODULE:  ÈÎÎñ15.ÓÃDS18B20²âÁ¿ÎÂ¶È²¢ÓÃÊýÂë¹ÜÏÔÊ¾ (___ñ15___DS18B20_â____¶_____Êý_ë_Ü__Ê_)

  VALUE           TYPE          NAME
  ----------------------------------

  -------         MODULE        ___ñ15___DS18B20_â____¶_____Êý_ë_Ü__Ê_
  C:0000H         SYMBOL        _ICE_DUMMY_
  D:0080H         PUBLIC        P0
  D:00A0H         PUBLIC        P2
  D:00B0H         PUBLIC        P3
  B:00D0H.6       PUBLIC        AC
  B:00A8H.7       PUBLIC        EA
  B:00D8H.7       PUBLIC        CF
  B:00A8H.5       PUBLIC        EADC
  D:00A8H         PUBLIC        IE
  B:00A0H.0       PUBLIC        P2_0
  B:00A0H.1       PUBLIC        P2_1
  B:00A0H.2       PUBLIC        P2_2
  B:00A0H.3       PUBLIC        P2_3
  B:00B0H.5       PUBLIC        DQ
  B:00D8H.6       PUBLIC        CR
  B:00A8H.4       PUBLIC        ES
  B:00B8H.5       PUBLIC        PADC
  D:00B8H         PUBLIC        IP
  B:0098H.0       PUBLIC        RI
  B:00D0H.7       PUBLIC        CY
  C:0168H         PUBLIC        Init_DS18B20
  B:0098H.1       PUBLIC        TI
  B:0020H.0       PUBLIC        DS18B20_IS_OK
  B:00B8H.4       PUBLIC        PS
  D:00D8H         PUBLIC        CCON
  B:00B8H.7       PUBLIC        PPCA
  B:00D0H.2       PUBLIC        OV
  C:01BFH         PUBLIC        main
  C:0144H         PUBLIC        _WriteOneByte
  B:00A8H.6       PUBLIC        ELVD
  D:0008H         PUBLIC        Display_Digit
  D:0098H         PUBLIC        SCON
BL51 BANKED LINKER/LOCATER V5.00                                                      09/09/2014  04:58:32  PAGE 3


  D:0088H         PUBLIC        TCON
  B:00B8H.6       PUBLIC        PLVD
  C:011EH         PUBLIC        ReadOneByte
  D:000CH         PUBLIC        CurrentT
  B:0088H.1       PUBLIC        IE0
  B:0088H.3       PUBLIC        IE1
  B:00A8H.1       PUBLIC        ET0
  B:0088H.5       PUBLIC        TF0
  B:00A8H.3       PUBLIC        ET1
  B:0088H.7       PUBLIC        TF1
  B:0098H.2       PUBLIC        RB8
  B:0088H.0       PUBLIC        IT0
  B:00A8H.0       PUBLIC        EX0
  B:0098H.3       PUBLIC        TB8
  B:0088H.2       PUBLIC        IT1
  B:00A8H.2       PUBLIC        EX1
  B:00D0H.0       PUBLIC        P
  B:0098H.7       PUBLIC        SM0
  C:00F0H         PUBLIC        Display_Temperature
  B:0098H.6       PUBLIC        SM1
  B:0098H.5       PUBLIC        SM2
  C:0190H         PUBLIC        _delayms
  B:00B8H.1       PUBLIC        PT0
  B:00B8H.3       PUBLIC        PT1
  B:00D0H.3       PUBLIC        RS0
  B:0088H.4       PUBLIC        TR0
  B:00D0H.4       PUBLIC        RS1
  B:0088H.6       PUBLIC        TR1
  B:00B8H.0       PUBLIC        PX0
  B:00B8H.2       PUBLIC        PX1
  C:01C4H         PUBLIC        _delayus
  B:0098H.4       PUBLIC        REN
  C:01B5H         PUBLIC        DSY_CODE
  C:008FH         PUBLIC        Read_Temperature
  B:00D0H.5       PUBLIC        F0
  D:000DH         PUBLIC        Temp_Value
  D:00D0H         PUBLIC        PSW
  B:00D8H.0       PUBLIC        CCF0
  B:00D8H.1       PUBLIC        CCF1
  C:0189H         SYMBOL        L?0032
  -------         PROC          L?0031
  -------         ENDPROC       L?0031
  C:0189H         SYMBOL        L?0032
  -------         PROC          _DELAYMS
  D:0006H         SYMBOL        x
  -------         DO            
  D:0005H         SYMBOL        i
  -------         ENDDO         
  C:0190H         LINE#         20
  C:0190H         LINE#         21
  C:0190H         LINE#         23
  C:019AH         LINE#         24
  C:019AH         LINE#         25
  C:01A5H         LINE#         26
  C:01A5H         LINE#         27
  -------         ENDPROC       _DELAYMS
  -------         PROC          _DELAYUS
BL51 BANKED LINKER/LOCATER V5.00                                                      09/09/2014  04:58:32  PAGE 4


  D:0007H         SYMBOL        us
  C:01C4H         LINE#         29
  C:01C4H         LINE#         30
  C:01C4H         LINE#         31
  C:01C6H         LINE#         32
  -------         ENDPROC       _DELAYUS
  -------         PROC          INIT_DS18B20
  -------         DO            
  D:0006H         SYMBOL        status
  -------         ENDDO         
  C:0168H         LINE#         34
  C:0168H         LINE#         35
  C:0168H         LINE#         37
  C:016AH         LINE#         38
  C:016FH         LINE#         39
  C:0171H         LINE#         40
  C:0176H         LINE#         41
  C:0178H         LINE#         42
  C:017DH         LINE#         43
  C:0182H         LINE#         44
  C:0187H         LINE#         45
  C:0188H         LINE#         46
  -------         ENDPROC       INIT_DS18B20
  -------         PROC          READONEBYTE
  -------         DO            
  D:0005H         SYMBOL        i
  D:0006H         SYMBOL        dat
  -------         ENDDO         
  C:011EH         LINE#         48
  C:011EH         LINE#         49
  C:011EH         LINE#         50
  C:0120H         LINE#         51
  C:0122H         LINE#         52
  C:0123H         LINE#         53
  C:0123H         LINE#         54
  C:0125H         LINE#         55
  C:012AH         LINE#         56
  C:012CH         LINE#         57
  C:0130H         LINE#         58
  C:0133H         LINE#         59
  C:0136H         LINE#         60
  C:0138H         LINE#         61
  C:013DH         LINE#         62
  C:0141H         LINE#         63
  C:0143H         LINE#         64
  -------         ENDPROC       READONEBYTE
  -------         PROC          _WRITEONEBYTE
  D:0006H         SYMBOL        dat
  -------         DO            
  D:0005H         SYMBOL        i
  -------         ENDDO         
  C:0144H         LINE#         66
  C:0146H         LINE#         67
  C:0146H         LINE#         69
  C:0148H         LINE#         70
  C:0148H         LINE#         71
  C:014AH         LINE#         72
BL51 BANKED LINKER/LOCATER V5.00                                                      09/09/2014  04:58:32  PAGE 5


  C:014FH         LINE#         73
  C:0151H         LINE#         74
  C:0156H         LINE#         75
  C:015AH         LINE#         76
  C:015EH         LINE#         77
  C:0163H         LINE#         78
  C:0167H         LINE#         79
  -------         ENDPROC       _WRITEONEBYTE
  -------         PROC          DISPLAY_TEMPERATURE
  -------         DO            
  D:0004H         SYMBOL        i
  -------         ENDDO         
  C:00F0H         LINE#         81
  C:00F0H         LINE#         82
  C:00F0H         LINE#         84
  C:00F2H         LINE#         85
  C:00F2H         LINE#         86
  C:00F5H         LINE#         87
  C:00F7H         LINE#         88
  C:00FCH         LINE#         89
  C:00FFH         LINE#         91
  C:0102H         LINE#         92
  C:0106H         LINE#         93
  C:0108H         LINE#         94
  C:010BH         LINE#         96
  C:010EH         LINE#         97
  C:0112H         LINE#         98
  C:0114H         LINE#         99
  C:0117H         LINE#         100
  C:0119H         LINE#         101
  C:011DH         LINE#         102
  -------         ENDPROC       DISPLAY_TEMPERATURE
  -------         PROC          READ_TEMPERATURE
  C:008FH         LINE#         104
  C:008FH         LINE#         105
  C:008FH         LINE#         106
  C:0095H         LINE#         107
  C:0098H         LINE#         109
  C:0098H         LINE#         110
  C:009DH         LINE#         111
  C:00A2H         LINE#         112
  C:00A4H         LINE#         113
  C:00A7H         LINE#         114
  C:00AAH         LINE#         115
  C:00AFH         LINE#         116
  C:00B4H         LINE#         117
  C:00B9H         LINE#         118
  C:00BEH         LINE#         119
  C:00D0H         LINE#         120
  C:00D6H         LINE#         121
  C:00E4H         LINE#         122
  C:00EDH         LINE#         123
  C:00EFH         LINE#         124
  C:00EFH         LINE#         125
  -------         ENDPROC       READ_TEMPERATURE
  -------         PROC          MAIN
  C:01BFH         LINE#         127
BL51 BANKED LINKER/LOCATER V5.00                                                      09/09/2014  04:58:32  PAGE 6


  C:01BFH         LINE#         128
  C:01BFH         LINE#         129
  C:01BFH         LINE#         130
  C:01BFH         LINE#         131
  C:01C2H         LINE#         132
  -------         ENDPROC       MAIN
  -------         ENDMOD        ___ñ15___DS18B20_â____¶_____Êý_ë_Ü__Ê_

Program Size: data=15.1 xdata=0 code=455
LINK/LOCATE RUN COMPLETE.  0 WARNING(S),  0 ERROR(S)
