BL51 BANKED LINKER/LOCATER V5.00                                                        09/04/2014  07:15:47  PAGE 1


BL51 BANKED LINKER/LOCATER V5.00, INVOKED BY:
C:\KEIL\C51\BIN\BL51.EXE ÈÎÎñ9.ÓÃÍâ²¿ÖÐ¶ÏINT0¿ØÖÆ°Ë¸öLEDµ¥µÆ×óÒÆ.obj TO ÈÎÎñ9.ÓÃÍâ²¿ÖÐ¶ÏINT0¿ØÖÆ°Ë¸öLEDµ¥µÆ×óÒÆ


MEMORY MODEL: SMALL


INPUT MODULES INCLUDED:
  ÈÎÎñ9.ÓÃÍâ²¿ÖÐ¶ÏINT0¿ØÖÆ°Ë¸öLEDµ¥µÆ×óÒÆ.obj (___ñ9____â____¶_INT0_______öLEDµ¥µ__óÒ_)
  C:\KEIL\C51\LIB\C51S.LIB (?C_STARTUP)


LINK MAP OF MODULE:  ÈÎÎñ9.ÓÃÍâ²¿ÖÐ¶ÏINT0¿ØÖÆ°Ë¸öLEDµ¥µÆ×óÒÆ (___ñ9____â____¶_INT0_______öLEDµ¥µ__óÒ_)


            TYPE    BASE      LENGTH    RELOCATION   SEGMENT NAME
            -----------------------------------------------------

            * * * * * * *   D A T A   M E M O R Y   * * * * * * *
            REG     0000H     0008H     ABSOLUTE     "REG BANK 0"
            DATA    0008H     0006H     UNIT         _DATA_GROUP_
            IDATA   000EH     0001H     UNIT         ?STACK

            * * * * * * *   C O D E   M E M O R Y   * * * * * * *
            CODE    0000H     0003H     ABSOLUTE     
            CODE    0003H     0003H     ABSOLUTE     
            CODE    0006H     0049H     UNIT         ?PR?MY_INT0?___ñ9____â____¶_INT0_______öLEDµ¥µ__óÒ_
            CODE    004FH     0042H     UNIT         ?PR?_LEFT?___ñ9____â____¶_INT0_______öLEDµ¥µ__óÒ_
            CODE    0091H     002AH     UNIT         ?PR?_DELAY1MS?___ñ9____â____¶_INT0_______öLEDµ¥µ__óÒ_
            CODE    00BBH     000EH     UNIT         ?PR?MAIN?___ñ9____â____¶_INT0_______öLEDµ¥µ__óÒ_
            CODE    00C9H     000CH     UNIT         ?C_C51STARTUP



OVERLAY MAP OF MODULE:   ÈÎÎñ9.ÓÃÍâ²¿ÖÐ¶ÏINT0¿ØÖÆ°Ë¸öLEDµ¥µÆ×óÒÆ (___ñ9____â____¶_INT0_______öLEDµ¥µ__óÒ_)


SEGMENT                                            DATA_GROUP 
  +--> CALLED SEGMENT                            START    LENGTH
----------------------------------------------------------------
?PR?MY_INT0?___ñ9____â____¶_INT0_____...         0008H    0002H
  +--> ?PR?_LEFT?___ñ9____â____¶_INT0_______...

?PR?_LEFT?___ñ9____â____¶_INT0_______...         000AH    0004H
  +--> ?PR?_DELAY1MS?___ñ9____â____¶_INT0___...

*** NEW ROOT ***************************************************

?C_C51STARTUP                                    -----    -----
  +--> ?PR?MAIN?___ñ9____â____¶_INT0_______ö...

?PR?MAIN?___ñ9____â____¶_INT0_______ö...         -----    -----
  +--> ?PR?_DELAY1MS?___ñ9____â____¶_INT0___...



SYMBOL TABLE OF MODULE:  ÈÎÎñ9.ÓÃÍâ²¿ÖÐ¶ÏINT0¿ØÖÆ°Ë¸öLEDµ¥µÆ×óÒÆ (___ñ9____â____¶_INT0_______öLEDµ¥µ__óÒ_)

BL51 BANKED LINKER/LOCATER V5.00                                                      09/04/2014  07:15:47  PAGE 2


  VALUE           TYPE          NAME
  ----------------------------------

  -------         MODULE        ___ñ9____â____¶_INT0_______öLEDµ¥µ__óÒ_
  C:0000H         SYMBOL        _ICE_DUMMY_
  D:0080H         PUBLIC        P0
  D:0090H         PUBLIC        P1
  D:00B0H         PUBLIC        P3
  B:00B0H.4       PUBLIC        T0
  B:00D0H.6       PUBLIC        AC
  C:0095H         PUBLIC        _delay1ms
  B:00B0H.5       PUBLIC        T1
  B:0090H.0       PUBLIC        T2
  B:00A8H.7       PUBLIC        EA
  C:004FH         PUBLIC        _left
  D:00A8H         PUBLIC        IE
  B:00C8H.6       PUBLIC        EXF2
  B:00B0H.7       PUBLIC        RD
  B:00A8H.4       PUBLIC        ES
  D:00B8H         PUBLIC        IP
  B:0098H.0       PUBLIC        RI
  B:00B0H.2       PUBLIC        INT0
  B:00D0H.7       PUBLIC        CY
  B:0098H.1       PUBLIC        TI
  B:00B0H.3       PUBLIC        INT1
  B:00B8H.4       PUBLIC        PS
  B:0090H.1       PUBLIC        T2EX
  B:00D0H.2       PUBLIC        OV
  C:00BBH         PUBLIC        main
  B:00C8H.1       PUBLIC        C_T2
  B:00B0H.6       PUBLIC        WR
  B:00C8H.5       PUBLIC        RCLK
  B:00C8H.4       PUBLIC        TCLK
  D:0098H         PUBLIC        SCON
  D:0088H         PUBLIC        TCON
  B:0088H.1       PUBLIC        IE0
  B:0088H.3       PUBLIC        IE1
  C:0006H         PUBLIC        my_int0
  B:00C8H.0       PUBLIC        CP_RL2
  B:00A8H.1       PUBLIC        ET0
  B:00A8H.3       PUBLIC        ET1
  B:0088H.5       PUBLIC        TF0
  B:00A8H.5       PUBLIC        ET2
  B:0088H.7       PUBLIC        TF1
  B:00C8H.7       PUBLIC        TF2
  B:0098H.2       PUBLIC        RB8
  B:00A8H.0       PUBLIC        EX0
  B:0088H.0       PUBLIC        IT0
  B:0098H.3       PUBLIC        TB8
  B:00A8H.2       PUBLIC        EX1
  B:0088H.2       PUBLIC        IT1
  B:00D0H.0       PUBLIC        P
  B:0098H.7       PUBLIC        SM0
  B:0098H.6       PUBLIC        SM1
  B:0098H.5       PUBLIC        SM2
  B:00B8H.1       PUBLIC        PT0
  B:00B8H.3       PUBLIC        PT1
BL51 BANKED LINKER/LOCATER V5.00                                                      09/04/2014  07:15:47  PAGE 3


  B:00D0H.3       PUBLIC        RS0
  B:00B8H.5       PUBLIC        PT2
  B:0088H.4       PUBLIC        TR0
  B:00D0H.4       PUBLIC        RS1
  B:0088H.6       PUBLIC        TR1
  B:00C8H.2       PUBLIC        TR2
  B:00B8H.0       PUBLIC        PX0
  B:00B8H.2       PUBLIC        PX1
  B:00C8H.3       PUBLIC        EXEN2
  B:0098H.4       PUBLIC        REN
  D:00C8H         PUBLIC        T2CON
  B:00B0H.0       PUBLIC        RXD
  B:00B0H.1       PUBLIC        TXD
  B:00D0H.5       PUBLIC        F0
  D:00D0H         PUBLIC        PSW
  -------         PROC          MAIN
  C:00BBH         LINE#         8
  C:00BBH         LINE#         9
  C:00BEH         LINE#         10
  C:00C1H         LINE#         11
  C:00C1H         LINE#         12
  C:00C4H         LINE#         13
  C:00C7H         LINE#         14
  -------         ENDPROC       MAIN
  -------         PROC          MY_INT0
  -------         DO            
  D:0008H         SYMBOL        saveLED
  -------         ENDDO         
  C:0006H         LINE#         18
  C:0023H         LINE#         19
  C:002AH         LINE#         20
  C:0031H         LINE#         21
  C:0034H         LINE#         22
  -------         ENDPROC       MY_INT0
  C:0091H         SYMBOL        L?0023
  -------         PROC          L?0022
  -------         ENDPROC       L?0022
  C:0091H         SYMBOL        L?0023
  -------         PROC          _DELAY1MS
  D:0006H         SYMBOL        x
  -------         DO            
  D:0004H         SYMBOL        i
  D:0002H         SYMBOL        j
  -------         ENDDO         
  C:0095H         LINE#         24
  C:0095H         LINE#         25
  C:0095H         LINE#         26
  C:00A5H         LINE#         27
  C:00BAH         LINE#         28
  -------         ENDPROC       _DELAY1MS
  -------         PROC          _LEFT
  D:000AH         SYMBOL        x
  -------         DO            
  D:000CH         SYMBOL        i
  D:0082H         SYMBOL        j
  -------         ENDDO         
  C:004FH         LINE#         30
BL51 BANKED LINKER/LOCATER V5.00                                                      09/04/2014  07:15:47  PAGE 4


  C:0053H         LINE#         31
  C:0053H         LINE#         32
  C:0069H         LINE#         33
  C:006CH         LINE#         34
  C:006FH         LINE#         35
  C:0072H         LINE#         36
  C:007AH         LINE#         37
  C:0083H         LINE#         38
  C:0086H         LINE#         39
  C:0090H         LINE#         40
  -------         ENDPROC       _LEFT
  -------         ENDMOD        ___ñ9____â____¶_INT0_______öLEDµ¥µ__óÒ_

Program Size: data=15.0 xdata=0 code=213
LINK/LOCATE RUN COMPLETE.  0 WARNING(S),  0 ERROR(S)
