BL51 BANKED LINKER/LOCATER V5.00                                                        09/03/2014  15:30:16  PAGE 1


BL51 BANKED LINKER/LOCATER V5.00, INVOKED BY:
C:\KEIL\C51\BIN\BL51.EXE ¼×»ú³ÌÐò.obj TO ¼×»ú³ÌÐò


MEMORY MODEL: SMALL


INPUT MODULES INCLUDED:
  ¼×»ú³ÌÐò.obj (¼_»____ò)
  C:\KEIL\C51\LIB\C51S.LIB (?C_STARTUP)


LINK MAP OF MODULE:  ¼×»ú³ÌÐò (¼_»____ò)


            TYPE    BASE      LENGTH    RELOCATION   SEGMENT NAME
            -----------------------------------------------------

            * * * * * * *   D A T A   M E M O R Y   * * * * * * *
            REG     0000H     0008H     ABSOLUTE     "REG BANK 0"
            IDATA   0008H     0001H     UNIT         ?STACK

            * * * * * * *   C O D E   M E M O R Y   * * * * * * *
            CODE    0000H     0003H     ABSOLUTE     
            CODE    0003H     0058H     UNIT         ?PR?MAIN?¼_»____ò
            CODE    005BH     001DH     UNIT         ?PR?UARTINIT?¼_»____ò
            CODE    0078H     0016H     UNIT         ?PR?_DELAY?¼_»____ò
            CODE    008EH     000CH     UNIT         ?C_C51STARTUP
            CODE    009AH     0008H     UNIT         ?PR?_PUTC_TO_SERIALPORT?¼_»____ò



OVERLAY MAP OF MODULE:   ¼×»ú³ÌÐò (¼_»____ò)


SEGMENT
  +--> CALLED SEGMENT
---------------------
?C_C51STARTUP
  +--> ?PR?MAIN?¼_»____ò

?PR?MAIN?¼_»____ò
  +--> ?PR?UARTINIT?¼_»____ò
  +--> ?PR?_DELAY?¼_»____ò
  +--> ?PR?_PUTC_TO_SERIALPORT?¼_»____ò



SYMBOL TABLE OF MODULE:  ¼×»ú³ÌÐò (¼_»____ò)

  VALUE           TYPE          NAME
  ----------------------------------

  -------         MODULE        ¼_»____ò
  C:0000H         SYMBOL        _ICE_DUMMY_
  D:0080H         PUBLIC        P0
  D:00B0H         PUBLIC        P3
  B:00D0H.6       PUBLIC        AC
BL51 BANKED LINKER/LOCATER V5.00                                                      09/03/2014  15:30:16  PAGE 2


  B:00A8H.7       PUBLIC        EA
  B:0080H.0       PUBLIC        LED1
  B:0080H.3       PUBLIC        LED2
  B:00D8H.7       PUBLIC        CF
  B:00A8H.5       PUBLIC        EADC
  D:00A8H         PUBLIC        IE
  B:00D8H.6       PUBLIC        CR
  B:00A8H.4       PUBLIC        ES
  B:00B8H.5       PUBLIC        PADC
  D:00B8H         PUBLIC        IP
  B:0098H.0       PUBLIC        RI
  B:00D0H.7       PUBLIC        CY
  B:0098H.1       PUBLIC        TI
  B:00B8H.4       PUBLIC        PS
  D:00D8H         PUBLIC        CCON
  B:00B8H.7       PUBLIC        PPCA
  B:00D0H.2       PUBLIC        OV
  C:0003H         PUBLIC        main
  B:00A8H.6       PUBLIC        ELVD
  D:0099H         PUBLIC        SBUF
  D:0087H         PUBLIC        PCON
  D:0098H         PUBLIC        SCON
  C:005BH         PUBLIC        UartInit
  D:0089H         PUBLIC        TMOD
  D:0088H         PUBLIC        TCON
  B:00B8H.6       PUBLIC        PLVD
  B:0088H.1       PUBLIC        IE0
  B:0088H.3       PUBLIC        IE1
  D:008EH         PUBLIC        AUXR
  B:00A8H.1       PUBLIC        ET0
  B:0088H.5       PUBLIC        TF0
  B:00A8H.3       PUBLIC        ET1
  B:0088H.7       PUBLIC        TF1
  B:0098H.2       PUBLIC        RB8
  D:008DH         PUBLIC        TH1
  B:0088H.0       PUBLIC        IT0
  B:00A8H.0       PUBLIC        EX0
  B:0098H.3       PUBLIC        TB8
  B:0088H.2       PUBLIC        IT1
  B:00A8H.2       PUBLIC        EX1
  C:009AH         PUBLIC        _putc_to_SerialPort
  B:00D0H.0       PUBLIC        P
  B:0098H.7       PUBLIC        SM0
  C:0078H         PUBLIC        _Delay
  B:0098H.6       PUBLIC        SM1
  D:008BH         PUBLIC        TL1
  B:0098H.5       PUBLIC        SM2
  B:00B8H.1       PUBLIC        PT0
  B:00B8H.3       PUBLIC        PT1
  B:00D0H.3       PUBLIC        RS0
  B:0088H.4       PUBLIC        TR0
  B:00D0H.4       PUBLIC        RS1
  B:0088H.6       PUBLIC        TR1
  B:00B8H.0       PUBLIC        PX0
  B:00B8H.2       PUBLIC        PX1
  B:0098H.4       PUBLIC        REN
  B:00D0H.5       PUBLIC        F0
BL51 BANKED LINKER/LOCATER V5.00                                                      09/03/2014  15:30:16  PAGE 3


  D:00D0H         PUBLIC        PSW
  B:00B0H.2       PUBLIC        K1
  B:00D8H.0       PUBLIC        CCF0
  B:00D8H.1       PUBLIC        CCF1
  -------         PROC          _DELAY
  D:0006H         SYMBOL        x
  -------         DO            
  D:0005H         SYMBOL        i
  -------         ENDDO         
  C:0078H         LINE#         9
  C:0078H         LINE#         10
  C:0078H         LINE#         12
  C:0082H         LINE#         13
  C:0082H         LINE#         14
  C:008DH         LINE#         15
  C:008DH         LINE#         16
  -------         ENDPROC       _DELAY
  -------         PROC          UARTINIT
  C:005BH         LINE#         18
  C:005BH         LINE#         19
  C:005BH         LINE#         20
  C:005EH         LINE#         21
  C:0061H         LINE#         22
  C:0064H         LINE#         23
  C:0067H         LINE#         24
  C:006AH         LINE#         25
  C:006DH         LINE#         26
  C:0070H         LINE#         27
  C:0073H         LINE#         28
  C:0075H         LINE#         29
  C:0077H         LINE#         30
  -------         ENDPROC       UARTINIT
  -------         PROC          _PUTC_TO_SERIALPORT
  D:0007H         SYMBOL        c
  C:009AH         LINE#         32
  C:009AH         LINE#         33
  C:009AH         LINE#         34
  C:009CH         LINE#         35
  C:009FH         LINE#         36
  C:00A1H         LINE#         37
  -------         ENDPROC       _PUTC_TO_SERIALPORT
  -------         PROC          MAIN
  -------         DO            
  D:0004H         SYMBOL        Operation_NO
  -------         ENDDO         
  C:0003H         LINE#         39
  C:0003H         LINE#         40
  C:0003H         LINE#         41
  C:0005H         LINE#         42
  C:0008H         LINE#         43
  C:0008H         LINE#         44
  C:0008H         LINE#         45
  C:000BH         LINE#         46
  C:000BH         LINE#         47
  C:0012H         LINE#         48
  C:0015H         LINE#         49
  C:0015H         LINE#         50
BL51 BANKED LINKER/LOCATER V5.00                                                      09/03/2014  15:30:16  PAGE 4


  C:0018H         LINE#         51
  C:001DH         LINE#         52
  C:001DH         LINE#         53
  C:001DH         LINE#         54
  C:002BH         LINE#         55
  C:002BH         LINE#         56
  C:002BH         LINE#         57
  C:0031H         LINE#         58
  C:0031H         LINE#         59
  C:0036H         LINE#         60
  C:003CH         LINE#         61
  C:003CH         LINE#         62
  C:0041H         LINE#         63
  C:0047H         LINE#         64
  C:0047H         LINE#         65
  C:004CH         LINE#         66
  C:0052H         LINE#         67
  C:0052H         LINE#         68
  C:0059H         LINE#         69
  -------         ENDPROC       MAIN
  -------         ENDMOD        ¼_»____ò

Program Size: data=9.0 xdata=0 code=162
LINK/LOCATE RUN COMPLETE.  0 WARNING(S),  0 ERROR(S)
