BL51 BANKED LINKER/LOCATER V5.00                                                        09/07/2014  05:47:16  PAGE 1


BL51 BANKED LINKER/LOCATER V5.00, INVOKED BY:
C:\KEIL\C51\BIN\BL51.EXE 遥控器发射.obj TO 任务14-红外发射


MEMORY MODEL: SMALL


INPUT MODULES INCLUDED:
  遥控器发射.obj (襙___鱛___)
  C:\KEIL\C51\LIB\C51S.LIB (?C_STARTUP)
  C:\KEIL\C51\LIB\C51S.LIB (?C?COPY)
  C:\KEIL\C51\LIB\C51S.LIB (?C?SCDIV)


LINK MAP OF MODULE:  任务14-红外发射 (襙___鱛___)


            TYPE    BASE      LENGTH    RELOCATION   SEGMENT NAME
            -----------------------------------------------------

            * * * * * * *   D A T A   M E M O R Y   * * * * * * *
            REG     0000H     0008H     ABSOLUTE     "REG BANK 0"
            DATA    0008H     0006H     UNIT         ?DT?襙___鱛___
            DATA    000EH     0006H     UNIT         _DATA_GROUP_
            IDATA   0014H     0001H     UNIT         ?STACK

            * * * * * * *   C O D E   M E M O R Y   * * * * * * *
            CODE    0000H     0003H     ABSOLUTE     
            CODE    0003H     0004H     UNIT         ?CO?襙___鱛___
                    0007H     0004H                  *** GAP ***
            CODE    000BH     0003H     ABSOLUTE     
            CODE    000EH     01B0H     UNIT         ?PR?_SENDIRDATA?襙___鱛___
            CODE    01BEH     0118H     UNIT         ?C?LIB_CODE
            CODE    02D6H     0065H     UNIT         ?PR?GETKEY?襙___鱛___
            CODE    033BH     001AH     UNIT         ?PR?MAIN?襙___鱛___
            CODE    0355H     0013H     UNIT         ?PR?TIMEINT?襙___鱛___
            CODE    0368H     000CH     UNIT         ?C_C51STARTUP



OVERLAY MAP OF MODULE:   任务14-红外发射 (襙___鱛___)


SEGMENT                              DATA_GROUP 
  +--> CALLED SEGMENT              START    LENGTH
--------------------------------------------------
?C_C51STARTUP                      -----    -----
  +--> ?PR?MAIN?襙___鱛___

?PR?MAIN?襙___鱛___                -----    -----
  +--> ?PR?GETKEY?襙___鱛___

?PR?GETKEY?襙___鱛___              000EH    0006H
  +--> ?CO?襙___鱛___
  +--> ?PR?_SENDIRDATA?襙___鱛___



BL51 BANKED LINKER/LOCATER V5.00                                                      09/07/2014  05:47:16  PAGE 2


SYMBOL TABLE OF MODULE:  任务14-红外发射 (襙___鱛___)

  VALUE           TYPE          NAME
  ----------------------------------

  -------         MODULE        襙___鱛___
  C:0000H         SYMBOL        _ICE_DUMMY_
  C:0355H         PUBLIC        timeint
  D:0090H         PUBLIC        P1
  B:00D0H.6       PUBLIC        AC
  B:00B0H.4       PUBLIC        T0
  B:00B0H.5       PUBLIC        T1
  B:00A8H.7       PUBLIC        EA
  C:02D6H         PUBLIC        getkey
  B:0080H.0       PUBLIC        P0_0
  B:0090H.0       PUBLIC        P1_0
  B:0080H.1       PUBLIC        P0_1
  B:00D0H.1       PUBLIC        FL
  B:00A0H.0       PUBLIC        P2_0
  B:0090H.1       PUBLIC        P1_1
  B:0080H.2       PUBLIC        P0_2
  B:00B0H.0       PUBLIC        P3_0
  B:00A0H.1       PUBLIC        P2_1
  B:0090H.2       PUBLIC        P1_2
  B:0080H.3       PUBLIC        P0_3
  B:00B0H.1       PUBLIC        P3_1
  B:00A0H.2       PUBLIC        P2_2
  B:0090H.3       PUBLIC        P1_3
  B:0080H.4       PUBLIC        P0_4
  B:00B0H.2       PUBLIC        P3_2
  B:00A0H.3       PUBLIC        P2_3
  B:0090H.4       PUBLIC        P1_4
  B:0080H.5       PUBLIC        P0_5
  B:00B0H.7       PUBLIC        RD
  B:00B0H.3       PUBLIC        P3_3
  B:00A0H.4       PUBLIC        P2_4
  B:0090H.5       PUBLIC        P1_5
  B:0080H.6       PUBLIC        P0_6
  B:00B0H.4       PUBLIC        P3_4
  B:00A0H.5       PUBLIC        P2_5
  B:0090H.6       PUBLIC        P1_6
  B:0080H.7       PUBLIC        P0_7
  B:00B0H.5       PUBLIC        P3_5
  B:00A8H.4       PUBLIC        ES
  B:00A0H.6       PUBLIC        P2_6
  B:0090H.7       PUBLIC        P1_7
  B:00B0H.6       PUBLIC        P3_6
  B:00A0H.7       PUBLIC        P2_7
  B:00B0H.7       PUBLIC        P3_7
  B:0098H.0       PUBLIC        RI
  B:00D0H.7       PUBLIC        CY
  B:00B0H.2       PUBLIC        INT0
  B:00B0H.3       PUBLIC        INT1
  B:0098H.1       PUBLIC        TI
  B:00B8H.4       PUBLIC        PS
  C:000EH         PUBLIC        _SendIRdata
  B:00D0H.2       PUBLIC        OV
BL51 BANKED LINKER/LOCATER V5.00                                                      09/07/2014  05:47:16  PAGE 3


  C:033BH         PUBLIC        main
  B:00B0H.6       PUBLIC        WR
  D:0008H         PUBLIC        iraddr1
  D:0009H         PUBLIC        iraddr2
  D:000AH         SYMBOL        count
  D:0089H         PUBLIC        TMOD
  B:0088H.1       PUBLIC        IE0
  B:0088H.3       PUBLIC        IE1
  C:0003H         SYMBOL        _?ix1000
  B:00A8H.1       PUBLIC        ET0
  B:00A8H.3       PUBLIC        ET1
  B:0088H.5       PUBLIC        TF0
  B:00A8H.5       PUBLIC        ET2
  B:0088H.7       PUBLIC        TF1
  B:0098H.2       PUBLIC        RB8
  D:008CH         PUBLIC        TH0
  B:00A8H.0       PUBLIC        EX0
  B:0088H.0       PUBLIC        IT0
  B:00A8H.2       PUBLIC        EX1
  B:0098H.3       PUBLIC        TB8
  B:0088H.2       PUBLIC        IT1
  B:00D0H.0       PUBLIC        P
  B:0098H.7       PUBLIC        SM0
  D:008AH         PUBLIC        TL0
  B:0098H.6       PUBLIC        SM1
  B:0098H.5       PUBLIC        SM2
  B:00B8H.1       PUBLIC        PT0
  B:00D0H.3       PUBLIC        RS0
  B:00B8H.3       PUBLIC        PT1
  B:00D0H.4       PUBLIC        RS1
  B:00B8H.5       PUBLIC        PT2
  B:0088H.4       PUBLIC        TR0
  B:0088H.6       PUBLIC        TR1
  B:00B8H.0       PUBLIC        PX0
  B:00B8H.2       PUBLIC        PX1
  D:000CH         SYMBOL        endcount
  B:0098H.4       PUBLIC        REN
  B:00B0H.0       PUBLIC        RXD
  B:00B0H.1       PUBLIC        TXD
  B:00D0H.5       PUBLIC        F0
  -------         PROC          MAIN
  C:033BH         LINE#         12
  C:033BH         LINE#         13
  C:033BH         LINE#         14
  C:033DH         LINE#         15
  C:0340H         LINE#         16
  C:0342H         LINE#         17
  C:0345H         LINE#         18
  C:0348H         LINE#         19
  C:034AH         LINE#         20
  C:034DH         LINE#         21
  C:0350H         LINE#         22
  C:0350H         LINE#         23
  C:0350H         LINE#         24
  C:0353H         LINE#         25
  -------         ENDPROC       MAIN
  -------         PROC          TIMEINT
BL51 BANKED LINKER/LOCATER V5.00                                                      09/07/2014  05:47:16  PAGE 4


  C:0355H         LINE#         28
  C:0357H         LINE#         30
  C:035AH         LINE#         31
  C:035DH         LINE#         32
  C:0365H         LINE#         33
  -------         ENDPROC       TIMEINT
  -------         PROC          _SENDIRDATA
  D:0007H         SYMBOL        p_irdata
  -------         DO            
  D:0004H         SYMBOL        i
  D:0006H         SYMBOL        irdata
  -------         ENDDO         
  C:000EH         LINE#         34
  C:000EH         LINE#         35
  C:000EH         LINE#         38
  C:0014H         LINE#         39
  C:0019H         LINE#         40
  C:001BH         LINE#         41
  C:0026H         LINE#         42
  C:002CH         LINE#         43
  C:0031H         LINE#         44
  C:0033H         LINE#         45
  C:003EH         LINE#         46
  C:0040H         LINE#         47
  C:0043H         LINE#         48
  C:0043H         LINE#         50
  C:0049H         LINE#         51
  C:004EH         LINE#         52
  C:0050H         LINE#         53
  C:005BH         LINE#         55
  C:0067H         LINE#         56
  C:0067H         LINE#         57
  C:006DH         LINE#         58
  C:006FH         LINE#         60
  C:006FH         LINE#         61
  C:0075H         LINE#         62
  C:0075H         LINE#         63
  C:007AH         LINE#         64
  C:007CH         LINE#         65
  C:0087H         LINE#         66
  C:008CH         LINE#         67
  C:0097H         LINE#         68
  C:0099H         LINE#         69
  C:009CH         LINE#         70
  C:009CH         LINE#         72
  C:00A2H         LINE#         73
  C:00A7H         LINE#         74
  C:00A9H         LINE#         75
  C:00B4H         LINE#         77
  C:00C0H         LINE#         78
  C:00C0H         LINE#         79
  C:00C6H         LINE#         80
  C:00C8H         LINE#         82
  C:00C8H         LINE#         83
  C:00CEH         LINE#         84
  C:00CEH         LINE#         85
  C:00D3H         LINE#         86
BL51 BANKED LINKER/LOCATER V5.00                                                      09/07/2014  05:47:16  PAGE 5


  C:00D5H         LINE#         87
  C:00E0H         LINE#         88
  C:00E5H         LINE#         89
  C:00F0H         LINE#         90
  C:00F2H         LINE#         91
  C:00F5H         LINE#         92
  C:00F5H         LINE#         94
  C:00FBH         LINE#         95
  C:0100H         LINE#         96
  C:0102H         LINE#         97
  C:010DH         LINE#         99
  C:0119H         LINE#         100
  C:0119H         LINE#         101
  C:011FH         LINE#         102
  C:0121H         LINE#         104
  C:0121H         LINE#         105
  C:0127H         LINE#         106
  C:0127H         LINE#         107
  C:012CH         LINE#         108
  C:012EH         LINE#         109
  C:0139H         LINE#         111
  C:013EH         LINE#         112
  C:0149H         LINE#         113
  C:014CH         LINE#         114
  C:014FH         LINE#         115
  C:014FH         LINE#         117
  C:0155H         LINE#         118
  C:015AH         LINE#         119
  C:015CH         LINE#         120
  C:0167H         LINE#         122
  C:0173H         LINE#         123
  C:0173H         LINE#         124
  C:0179H         LINE#         125
  C:017BH         LINE#         127
  C:017BH         LINE#         128
  C:0181H         LINE#         129
  C:0181H         LINE#         130
  C:0186H         LINE#         131
  C:0188H         LINE#         132
  C:0193H         LINE#         133
  C:0198H         LINE#         134
  C:01A3H         LINE#         135
  C:01A9H         LINE#         136
  C:01AEH         LINE#         137
  C:01B0H         LINE#         138
  C:01BBH         LINE#         139
  C:01BDH         LINE#         140
  -------         ENDPROC       _SENDIRDATA
  -------         PROC          GETKEY
  -------         DO            
  D:000EH         SYMBOL        row
  D:000FH         SYMBOL        col
  D:0006H         SYMBOL        colkey
  D:0007H         SYMBOL        kcode
  D:0010H         SYMBOL        scan
  -------         ENDDO         
  C:02D6H         LINE#         141
BL51 BANKED LINKER/LOCATER V5.00                                                      09/07/2014  05:47:16  PAGE 6


  C:02D6H         LINE#         142
  C:02D6H         LINE#         145
  C:02E9H         LINE#         146
  C:02ECH         LINE#         147
  C:02ECH         LINE#         148
  C:02F4H         LINE#         149
  C:02FAH         LINE#         150
  C:02FCH         LINE#         151
  C:02FCH         LINE#         152
  C:0304H         LINE#         153
  C:030CH         LINE#         154
  C:0314H         LINE#         155
  C:031AH         LINE#         156
  C:0323H         LINE#         157
  C:0326H         LINE#         158
  C:032EH         LINE#         159
  C:0331H         LINE#         160
  C:0331H         LINE#         161
  C:033AH         LINE#         162
  -------         ENDPROC       GETKEY
  -------         ENDMOD        襙___鱛___

  -------         MODULE        ?C?COPY
  C:028EH         PUBLIC        ?C?COPY
  -------         ENDMOD        ?C?COPY

  -------         MODULE        ?C?SCDIV
  C:02B4H         PUBLIC        ?C?SCDIV
  -------         ENDMOD        ?C?SCDIV

Program Size: data=21.0 xdata=0 code=880
LINK/LOCATE RUN COMPLETE.  0 WARNING(S),  0 ERROR(S)
