BL51 BANKED LINKER/LOCATER V5.00                                                        09/03/2014  15:31:19  PAGE 1


BL51 BANKED LINKER/LOCATER V5.00, INVOKED BY:
C:\KEIL\C51\BIN\BL51.EXE ““ª˙≥Ã–Ú.obj TO ““ª˙≥Ã–Ú


MEMORY MODEL: SMALL


INPUT MODULES INCLUDED:
  ““ª˙≥Ã–Ú.obj (““ª____Ú)
  C:\KEIL\C51\LIB\C51S.LIB (?C_STARTUP)


LINK MAP OF MODULE:  ““ª˙≥Ã–Ú (““ª____Ú)


            TYPE    BASE      LENGTH    RELOCATION   SEGMENT NAME
            -----------------------------------------------------

            * * * * * * *   D A T A   M E M O R Y   * * * * * * *
            REG     0000H     0008H     ABSOLUTE     "REG BANK 0"
            IDATA   0008H     0001H     UNIT         ?STACK

            * * * * * * *   C O D E   M E M O R Y   * * * * * * *
            CODE    0000H     0003H     ABSOLUTE     
            CODE    0003H     003BH     UNIT         ?PR?MAIN?““ª____Ú
            CODE    003EH     001DH     UNIT         ?PR?UARTINIT?““ª____Ú
            CODE    005BH     0016H     UNIT         ?PR?_DELAY?““ª____Ú
            CODE    0071H     000CH     UNIT         ?C_C51STARTUP



OVERLAY MAP OF MODULE:   ““ª˙≥Ã–Ú (““ª____Ú)


SEGMENT
  +--> CALLED SEGMENT
---------------------
?C_C51STARTUP
  +--> ?PR?MAIN?““ª____Ú

?PR?MAIN?““ª____Ú
  +--> ?PR?UARTINIT?““ª____Ú
  +--> ?PR?_DELAY?““ª____Ú



SYMBOL TABLE OF MODULE:  ““ª˙≥Ã–Ú (““ª____Ú)

  VALUE           TYPE          NAME
  ----------------------------------

  -------         MODULE        ““ª____Ú
  C:0000H         SYMBOL        _ICE_DUMMY_
  D:0080H         PUBLIC        P0
  B:00D0H.6       PUBLIC        AC
  B:00A8H.7       PUBLIC        EA
  B:0080H.0       PUBLIC        LED1
  B:0080H.3       PUBLIC        LED2
BL51 BANKED LINKER/LOCATER V5.00                                                      09/03/2014  15:31:19  PAGE 2


  B:00D8H.7       PUBLIC        CF
  B:00A8H.5       PUBLIC        EADC
  D:00A8H         PUBLIC        IE
  B:00D8H.6       PUBLIC        CR
  B:00A8H.4       PUBLIC        ES
  B:00B8H.5       PUBLIC        PADC
  D:00B8H         PUBLIC        IP
  B:0098H.0       PUBLIC        RI
  B:00D0H.7       PUBLIC        CY
  B:0098H.1       PUBLIC        TI
  B:00B8H.4       PUBLIC        PS
  D:00D8H         PUBLIC        CCON
  B:00B8H.7       PUBLIC        PPCA
  B:00D0H.2       PUBLIC        OV
  C:0003H         PUBLIC        main
  B:00A8H.6       PUBLIC        ELVD
  D:0099H         PUBLIC        SBUF
  D:0087H         PUBLIC        PCON
  D:0098H         PUBLIC        SCON
  C:003EH         PUBLIC        UartInit
  D:0089H         PUBLIC        TMOD
  D:0088H         PUBLIC        TCON
  B:00B8H.6       PUBLIC        PLVD
  B:0088H.1       PUBLIC        IE0
  B:0088H.3       PUBLIC        IE1
  D:008EH         PUBLIC        AUXR
  B:00A8H.1       PUBLIC        ET0
  B:0088H.5       PUBLIC        TF0
  B:00A8H.3       PUBLIC        ET1
  B:0088H.7       PUBLIC        TF1
  B:0098H.2       PUBLIC        RB8
  D:008DH         PUBLIC        TH1
  B:0088H.0       PUBLIC        IT0
  B:00A8H.0       PUBLIC        EX0
  B:0098H.3       PUBLIC        TB8
  B:0088H.2       PUBLIC        IT1
  B:00A8H.2       PUBLIC        EX1
  B:00D0H.0       PUBLIC        P
  B:0098H.7       PUBLIC        SM0
  C:005BH         PUBLIC        _Delay
  B:0098H.6       PUBLIC        SM1
  D:008BH         PUBLIC        TL1
  B:0098H.5       PUBLIC        SM2
  B:00B8H.1       PUBLIC        PT0
  B:00B8H.3       PUBLIC        PT1
  B:00D0H.3       PUBLIC        RS0
  B:0088H.4       PUBLIC        TR0
  B:00D0H.4       PUBLIC        RS1
  B:0088H.6       PUBLIC        TR1
  B:00B8H.0       PUBLIC        PX0
  B:00B8H.2       PUBLIC        PX1
  B:0098H.4       PUBLIC        REN
  B:00D0H.5       PUBLIC        F0
  D:00D0H         PUBLIC        PSW
  B:00D8H.0       PUBLIC        CCF0
  B:00D8H.1       PUBLIC        CCF1
  -------         PROC          UARTINIT
BL51 BANKED LINKER/LOCATER V5.00                                                      09/03/2014  15:31:19  PAGE 3


  C:003EH         LINE#         8
  C:003EH         LINE#         9
  C:003EH         LINE#         10
  C:0041H         LINE#         11
  C:0044H         LINE#         12
  C:0047H         LINE#         13
  C:004AH         LINE#         14
  C:004DH         LINE#         15
  C:0050H         LINE#         16
  C:0053H         LINE#         17
  C:0056H         LINE#         18
  C:0058H         LINE#         19
  C:005AH         LINE#         20
  -------         ENDPROC       UARTINIT
  -------         PROC          _DELAY
  D:0006H         SYMBOL        x
  -------         DO            
  D:0005H         SYMBOL        i
  -------         ENDDO         
  C:005BH         LINE#         22
  C:005BH         LINE#         23
  C:005BH         LINE#         25
  C:0065H         LINE#         26
  C:0065H         LINE#         27
  C:0070H         LINE#         28
  C:0070H         LINE#         29
  -------         ENDPROC       _DELAY
  -------         PROC          MAIN
  C:0003H         LINE#         31
  C:0003H         LINE#         32
  C:0003H         LINE#         33
  C:0006H         LINE#         34
  C:000AH         LINE#         35
  C:000AH         LINE#         36
  C:000AH         LINE#         37
  C:000DH         LINE#         38
  C:000DH         LINE#         39
  C:000FH         LINE#         40
  C:001DH         LINE#         41
  C:001DH         LINE#         42
  C:0023H         LINE#         43
  C:0029H         LINE#         44
  C:002FH         LINE#         45
  C:002FH         LINE#         46
  C:0031H         LINE#         48
  C:0035H         LINE#         49
  C:003CH         LINE#         50
  -------         ENDPROC       MAIN
  -------         ENDMOD        ““ª____Ú

Program Size: data=9.0 xdata=0 code=125
LINK/LOCATE RUN COMPLETE.  0 WARNING(S),  0 ERROR(S)
