BL51 BANKED LINKER/LOCATER V5.00                                                        07/07/2014  05:29:22  PAGE 1


BL51 BANKED LINKER/LOCATER V5.00, INVOKED BY:
C:\KEIL\C51\BIN\BL51.EXE ÈÎÎñ4.Çý¶¯·äÃùÆ÷²úÉú±¨¾¯ÉùÒô.obj TO ÈÎÎñ4.Çý¶¯·äÃùÆ÷²úÉú±¨¾¯ÉùÒô


MEMORY MODEL: SMALL


INPUT MODULES INCLUDED:
  ÈÎÎñ4.Çý¶¯·äÃùÆ÷²úÉú±¨¾¯ÉùÒô.obj (___ñ4__ý¶____ù_÷_____¨___ùÒô)
  C:\KEIL\C51\LIB\C51S.LIB (?C_STARTUP)


LINK MAP OF MODULE:  ÈÎÎñ4.Çý¶¯·äÃùÆ÷²úÉú±¨¾¯ÉùÒô (___ñ4__ý¶____ù_÷_____¨___ùÒô)


            TYPE    BASE      LENGTH    RELOCATION   SEGMENT NAME
            -----------------------------------------------------

            * * * * * * *   D A T A   M E M O R Y   * * * * * * *
            REG     0000H     0008H     ABSOLUTE     "REG BANK 0"
            DATA    0008H     0006H     UNIT         _DATA_GROUP_
            IDATA   000EH     0001H     UNIT         ?STACK

            * * * * * * *   C O D E   M E M O R Y   * * * * * * *
            CODE    0000H     0003H     ABSOLUTE     
            CODE    0003H     003EH     UNIT         ?PR?_PULSE_BZ?___ñ4__ý¶____ù_÷_____¨___ùÒô
            CODE    0041H     0026H     UNIT         ?PR?_DELAY?___ñ4__ý¶____ù_÷_____¨___ùÒô
            CODE    0067H     0010H     UNIT         ?PR?MAIN?___ñ4__ý¶____ù_÷_____¨___ùÒô
            CODE    0077H     000CH     UNIT         ?C_C51STARTUP



OVERLAY MAP OF MODULE:   ÈÎÎñ4.Çý¶¯·äÃùÆ÷²úÉú±¨¾¯ÉùÒô (___ñ4__ý¶____ù_÷_____¨___ùÒô)


SEGMENT                                            DATA_GROUP 
  +--> CALLED SEGMENT                            START    LENGTH
----------------------------------------------------------------
?C_C51STARTUP                                    -----    -----
  +--> ?PR?MAIN?___ñ4__ý¶____ù_÷_____¨___ùÒô

?PR?MAIN?___ñ4__ý¶____ù_÷_____¨___ùÒô            -----    -----
  +--> ?PR?_PULSE_BZ?___ñ4__ý¶____ù_÷_____¨_...

?PR?_PULSE_BZ?___ñ4__ý¶____ù_÷_____¨_...         0008H    0006H
  +--> ?PR?_DELAY?___ñ4__ý¶____ù_÷_____¨___ùÒô



SYMBOL TABLE OF MODULE:  ÈÎÎñ4.Çý¶¯·äÃùÆ÷²úÉú±¨¾¯ÉùÒô (___ñ4__ý¶____ù_÷_____¨___ùÒô)

  VALUE           TYPE          NAME
  ----------------------------------

  -------         MODULE        ___ñ4__ý¶____ù_÷_____¨___ùÒô
  C:0000H         SYMBOL        _ICE_DUMMY_
  D:00B0H         PUBLIC        P3
  B:00B0H.4       PUBLIC        T0
BL51 BANKED LINKER/LOCATER V5.00                                                      07/07/2014  05:29:22  PAGE 2


  B:00D0H.6       PUBLIC        AC
  B:00B0H.5       PUBLIC        T1
  B:00A8H.7       PUBLIC        EA
  C:000BH         PUBLIC        _pulse_BZ
  B:00B0H.7       PUBLIC        RD
  B:00A8H.4       PUBLIC        ES
  B:0098H.0       PUBLIC        RI
  B:00B0H.2       PUBLIC        INT0
  B:00D0H.7       PUBLIC        CY
  B:0098H.1       PUBLIC        TI
  B:00B0H.3       PUBLIC        INT1
  B:00B8H.4       PUBLIC        PS
  B:00D0H.2       PUBLIC        OV
  B:00B0H.6       PUBLIC        buzzer
  C:0067H         PUBLIC        main
  B:00B0H.6       PUBLIC        WR
  B:0088H.1       PUBLIC        IE0
  B:0088H.3       PUBLIC        IE1
  B:00A8H.1       PUBLIC        ET0
  B:00A8H.3       PUBLIC        ET1
  B:0088H.5       PUBLIC        TF0
  B:0088H.7       PUBLIC        TF1
  B:0098H.2       PUBLIC        RB8
  B:00A8H.0       PUBLIC        EX0
  B:0088H.0       PUBLIC        IT0
  B:0098H.3       PUBLIC        TB8
  B:00A8H.2       PUBLIC        EX1
  B:0088H.2       PUBLIC        IT1
  B:00D0H.0       PUBLIC        P
  B:0098H.7       PUBLIC        SM0
  B:0098H.6       PUBLIC        SM1
  B:0098H.5       PUBLIC        SM2
  B:00B8H.1       PUBLIC        PT0
  B:00B8H.3       PUBLIC        PT1
  B:00D0H.3       PUBLIC        RS0
  B:0088H.4       PUBLIC        TR0
  B:00D0H.4       PUBLIC        RS1
  B:0088H.6       PUBLIC        TR1
  B:00B8H.0       PUBLIC        PX0
  B:00B8H.2       PUBLIC        PX1
  B:0098H.4       PUBLIC        REN
  B:00B0H.0       PUBLIC        RXD
  B:00B0H.1       PUBLIC        TXD
  C:0041H         PUBLIC        _delay
  B:00D0H.5       PUBLIC        F0
  -------         PROC          MAIN
  C:0067H         LINE#         8
  C:0067H         LINE#         9
  C:0067H         LINE#         10
  C:006EH         LINE#         11
  C:0075H         LINE#         12
  -------         ENDPROC       MAIN
  -------         PROC          _DELAY
  D:0006H         SYMBOL        x
  -------         DO            
  D:0004H         SYMBOL        i
  D:0002H         SYMBOL        j
BL51 BANKED LINKER/LOCATER V5.00                                                      07/07/2014  05:29:22  PAGE 3


  -------         ENDDO         
  C:0041H         LINE#         16
  C:0041H         LINE#         17
  C:0041H         LINE#         18
  C:0051H         LINE#         19
  C:0066H         LINE#         20
  -------         ENDPROC       _DELAY
  -------         PROC          L?0017
  -------         ENDPROC       L?0017
  -------         PROC          _PULSE_BZ
  D:0008H         SYMBOL        count
  D:000AH         SYMBOL        TH
  D:000CH         SYMBOL        TL
  -------         DO            
  D:0082H         SYMBOL        i
  -------         ENDDO         
  C:000BH         LINE#         22
  C:0017H         LINE#         23
  C:0017H         LINE#         24
  C:002BH         LINE#         25
  C:002DH         LINE#         26
  C:0034H         LINE#         27
  C:0036H         LINE#         28
  C:003DH         LINE#         29
  C:0040H         LINE#         30
  -------         ENDPROC       _PULSE_BZ
  -------         ENDMOD        ___ñ4__ý¶____ù_÷_____¨___ùÒô

Program Size: data=15.0 xdata=0 code=131
LINK/LOCATE RUN COMPLETE.  0 WARNING(S),  0 ERROR(S)
